Component: ARM Compiler 5.06 update 6 (build 750) Tool: armlink [4d35ed]

==============================================================================

Section Cross References

    startup_stm32f103xb.o(RESET) refers to startup_stm32f103xb.o(STACK) for __initial_sp
    startup_stm32f103xb.o(RESET) refers to startup_stm32f103xb.o(.text) for Reset_Handler
    startup_stm32f103xb.o(RESET) refers to stm32f1xx_it.o(i.NMI_Handler) for NMI_Handler
    startup_stm32f103xb.o(RESET) refers to stm32f1xx_it.o(i.HardFault_Handler) for HardFault_Handler
    startup_stm32f103xb.o(RESET) refers to stm32f1xx_it.o(i.MemManage_Handler) for MemManage_Handler
    startup_stm32f103xb.o(RESET) refers to stm32f1xx_it.o(i.BusFault_Handler) for BusFault_Handler
    startup_stm32f103xb.o(RESET) refers to stm32f1xx_it.o(i.UsageFault_Handler) for UsageFault_Handler
    startup_stm32f103xb.o(RESET) refers to stm32f1xx_it.o(i.SVC_Handler) for SVC_Handler
    startup_stm32f103xb.o(RESET) refers to stm32f1xx_it.o(i.DebugMon_Handler) for DebugMon_Handler
    startup_stm32f103xb.o(RESET) refers to stm32f1xx_it.o(i.PendSV_Handler) for PendSV_Handler
    startup_stm32f103xb.o(RESET) refers to stm32f1xx_it.o(i.SysTick_Handler) for SysTick_Handler
    startup_stm32f103xb.o(RESET) refers to stm32f1xx_it.o(i.TIM2_IRQHandler) for TIM2_IRQHandler
    startup_stm32f103xb.o(RESET) refers to stm32f1xx_it.o(i.I2C2_EV_IRQHandler) for I2C2_EV_IRQHandler
    startup_stm32f103xb.o(RESET) refers to stm32f1xx_it.o(i.I2C2_ER_IRQHandler) for I2C2_ER_IRQHandler
    startup_stm32f103xb.o(RESET) refers to stm32f1xx_it.o(i.USART1_IRQHandler) for USART1_IRQHandler
    startup_stm32f103xb.o(RESET) refers to stm32f1xx_it.o(i.USART2_IRQHandler) for USART2_IRQHandler
    startup_stm32f103xb.o(RESET) refers to stm32f1xx_it.o(i.EXTI15_10_IRQHandler) for EXTI15_10_IRQHandler
    startup_stm32f103xb.o(.text) refers to system_stm32f1xx.o(i.SystemInit) for SystemInit
    startup_stm32f103xb.o(.text) refers to entry.o(.ARM.Collect$$$$00000000) for __main
    displaylevel.o(i.TurnOffShowLevel) refers to stm32f1xx_hal_gpio.o(i.HAL_GPIO_WritePin) for HAL_GPIO_WritePin
    displaylevel.o(i.TurnOnShowLevel) refers to stm32f1xx_hal_adc.o(i.HAL_ADC_GetValue) for HAL_ADC_GetValue
    displaylevel.o(i.TurnOnShowLevel) refers to ffltui.o(.text) for __aeabi_ui2f
    displaylevel.o(i.TurnOnShowLevel) refers to f2d.o(.text) for __aeabi_f2d
    displaylevel.o(i.TurnOnShowLevel) refers to dscalb.o(.text) for __ARM_scalbn
    displaylevel.o(i.TurnOnShowLevel) refers to dmul.o(.text) for __aeabi_dmul
    displaylevel.o(i.TurnOnShowLevel) refers to d2f.o(.text) for __aeabi_d2f
    displaylevel.o(i.TurnOnShowLevel) refers to stm32f1xx_hal_gpio.o(i.HAL_GPIO_WritePin) for HAL_GPIO_WritePin
    displaylevel.o(i.TurnOnShowLevel) refers to displaylevel.o(i.TurnOffShowLevel) for TurnOffShowLevel
    displaylevel.o(i.TurnOnShowLevel) refers to adc.o(.bss) for hadc1
    displaylevel.o(i.TurnOnShowLevel) refers to displaylevel.o(.data) for .data
    controlfunction.o(i.TurnOff12VLoad) refers to stm32f1xx_hal_gpio.o(i.HAL_GPIO_WritePin) for HAL_GPIO_WritePin
    controlfunction.o(i.TurnOff5VLoad) refers to stm32f1xx_hal_gpio.o(i.HAL_GPIO_WritePin) for HAL_GPIO_WritePin
    controlfunction.o(i.TurnOn12VLoad) refers to stm32f1xx_hal_gpio.o(i.HAL_GPIO_WritePin) for HAL_GPIO_WritePin
    controlfunction.o(i.TurnOn5VLoad) refers to stm32f1xx_hal_gpio.o(i.HAL_GPIO_WritePin) for HAL_GPIO_WritePin
    controlfunction.o(i.TurnOnSun) refers to stm32f1xx_hal_gpio.o(i.HAL_GPIO_WritePin) for HAL_GPIO_WritePin
    controlfunction.o(i.TurnOnWave) refers to stm32f1xx_hal_gpio.o(i.HAL_GPIO_WritePin) for HAL_GPIO_WritePin
    ina226.o(i.INA226_getAlertLimit) refers to stm32f1xx_hal_i2c.o(i.HAL_I2C_Master_Transmit) for HAL_I2C_Master_Transmit
    ina226.o(i.INA226_getAlertLimit) refers to stm32f1xx_hal_i2c.o(i.HAL_I2C_Master_Receive) for HAL_I2C_Master_Receive
    ina226.o(i.INA226_getBusV) refers to ina226.o(i.INA226_getBusVReg) for INA226_getBusVReg
    ina226.o(i.INA226_getBusV) refers to dfltui.o(.text) for __aeabi_ui2d
    ina226.o(i.INA226_getBusV) refers to dmul.o(.text) for __aeabi_dmul
    ina226.o(i.INA226_getBusV) refers to ddiv.o(.text) for __aeabi_ddiv
    ina226.o(i.INA226_getBusV) refers to d2f.o(.text) for __aeabi_d2f
    ina226.o(i.INA226_getBusVReg) refers to stm32f1xx_hal_i2c.o(i.HAL_I2C_Master_Transmit) for HAL_I2C_Master_Transmit
    ina226.o(i.INA226_getBusVReg) refers to stm32f1xx_hal_i2c.o(i.HAL_I2C_Master_Receive) for HAL_I2C_Master_Receive
    ina226.o(i.INA226_getCalibrationReg) refers to stm32f1xx_hal_i2c.o(i.HAL_I2C_Master_Transmit) for HAL_I2C_Master_Transmit
    ina226.o(i.INA226_getCalibrationReg) refers to stm32f1xx_hal_i2c.o(i.HAL_I2C_Master_Receive) for HAL_I2C_Master_Receive
    ina226.o(i.INA226_getConfig) refers to stm32f1xx_hal_i2c.o(i.HAL_I2C_Master_Transmit) for HAL_I2C_Master_Transmit
[...]
    ../clib/microlib/printf/printf.c         0x00000000   Number         0  printf5.o ABSOLUTE
    ../clib/microlib/printf/printf.c         0x00000000   Number         0  printf6.o ABSOLUTE
    ../clib/microlib/printf/printf.c         0x00000000   Number         0  printf7.o ABSOLUTE
    ../clib/microlib/printf/printf.c         0x00000000   Number         0  printf8.o ABSOLUTE
    ../clib/microlib/printf/printf.c         0x00000000   Number         0  printfa.o ABSOLUTE
    ../clib/microlib/printf/printf.c         0x00000000   Number         0  printf0.o ABSOLUTE
    ../clib/microlib/printf/printf.c         0x00000000   Number         0  printfb.o ABSOLUTE
    ../clib/microlib/printf/stubs.s          0x00000000   Number         0  stubs.o ABSOLUTE
    ../clib/microlib/stdio/streams.c         0x00000000   Number         0  stdout.o ABSOLUTE
    ../clib/microlib/string/memset.c         0x00000000   Number         0  memseta.o ABSOLUTE
    ../clib/microlib/string/strlen.c         0x00000000   Number         0  strlen.o ABSOLUTE
    ../clib/microlib/stubs.s                 0x00000000   Number         0  iusefp.o ABSOLUTE
    ../fplib/microlib/d2f.c                  0x00000000   Number         0  d2f.o ABSOLUTE
    ../fplib/microlib/f2d.c                  0x00000000   Number         0  f2d.o ABSOLUTE
    ../fplib/microlib/fpadd.c                0x00000000   Number         0  dadd.o ABSOLUTE
    ../fplib/microlib/fpdiv.c                0x00000000   Number         0  ddiv.o ABSOLUTE
    ../fplib/microlib/fpepilogue.c           0x00000000   Number         0  depilogue.o ABSOLUTE
    ../fplib/microlib/fpepilogue.c           0x00000000   Number         0  fepilogue.o ABSOLUTE
    ../fplib/microlib/fpfix.c                0x00000000   Number         0  dfixul.o ABSOLUTE
    ../fplib/microlib/fpflt.c                0x00000000   Number         0  dfltui.o ABSOLUTE
    ../fplib/microlib/fpflt.c                0x00000000   Number         0  fflti.o ABSOLUTE
    ../fplib/microlib/fpflt.c                0x00000000   Number         0  dflti.o ABSOLUTE
    ../fplib/microlib/fpflt.c                0x00000000   Number         0  ffltui.o ABSOLUTE
    ../fplib/microlib/fpmul.c                0x00000000   Number         0  fmul.o ABSOLUTE
    ../fplib/microlib/fpmul.c                0x00000000   Number         0  dmul.o ABSOLUTE
    ../fplib/microlib/fpscalb.c              0x00000000   Number         0  dscalb.o ABSOLUTE
    ..\Drivers\STM32F1xx_HAL_Driver\Src\stm32f1xx_hal.c 0x00000000   Number         0  stm32f1xx_hal.o ABSOLUTE
    ..\Drivers\STM32F1xx_HAL_Driver\Src\stm32f1xx_hal_adc.c 0x00000000   Number         0  stm32f1xx_hal_adc.o ABSOLUTE
    ..\Drivers\STM32F1xx_HAL_Driver\Src\stm32f1xx_hal_adc_ex.c 0x00000000   Number         0  stm32f1xx_hal_adc_ex.o ABSOLUTE
    ..\Drivers\STM32F1xx_HAL_Driver\Src\stm32f1xx_hal_cortex.c 0x00000000   Number         0  stm32f1xx_hal_cortex.o ABSOLUTE
    ..\Drivers\STM32F1xx_HAL_Driver\Src\stm32f1xx_hal_dma.c 0x00000000   Number         0  stm32f1xx_hal_dma.o ABSOLUTE
    ..\Drivers\STM32F1xx_HAL_Driver\Src\stm32f1xx_hal_exti.c 0x00000000   Number         0  stm32f1xx_hal_exti.o ABSOLUTE
    ..\Drivers\STM32F1xx_HAL_Driver\Src\stm32f1xx_hal_flash.c 0x00000000   Number         0  stm32f1xx_hal_flash.o ABSOLUTE
    ..\Drivers\STM32F1xx_HAL_Driver\Src\stm32f1xx_hal_flash_ex.c 0x00000000   Number         0  stm32f1xx_hal_flash_ex.o ABSOLUTE
    ..\Drivers\STM32F1xx_HAL_Driver\Src\stm32f1xx_hal_gpio.c 0x00000000   Number         0  stm32f1xx_hal_gpio.o ABSOLUTE
    ..\Drivers\STM32F1xx_HAL_Driver\Src\stm32f1xx_hal_gpio_ex.c 0x00000000   Number         0  stm32f1xx_hal_gpio_ex.o ABSOLUTE
    ..\Drivers\STM32F1xx_HAL_Driver\Src\stm32f1xx_hal_i2c.c 0x00000000   Number         0  stm32f1xx_hal_i2c.o ABSOLUTE
    ..\Drivers\STM32F1xx_HAL_Driver\Src\stm32f1xx_hal_pwr.c 0x00000000   Number         0  stm32f1xx_hal_pwr.o ABSOLUTE
    ..\Drivers\STM32F1xx_HAL_Driver\Src\stm32f1xx_hal_rcc.c 0x00000000   Number         0  stm32f1xx_hal_rcc.o ABSOLUTE
    ..\Drivers\STM32F1xx_HAL_Driver\Src\stm32f1xx_hal_rcc_ex.c 0x00000000   Number         0  stm32f1xx_hal_rcc_ex.o ABSOLUTE
    ..\Drivers\STM32F1xx_HAL_Driver\Src\stm32f1xx_hal_tim.c 0x00000000   Number         0  stm32f1xx_hal_tim.o ABSOLUTE
    ..\Drivers\STM32F1xx_HAL_Driver\Src\stm32f1xx_hal_tim_ex.c 0x00000000   Number         0  stm32f1xx_hal_tim_ex.o ABSOLUTE
    ..\Drivers\STM32F1xx_HAL_Driver\Src\stm32f1xx_hal_uart.c 0x00000000   Number         0  stm32f1xx_hal_uart.o ABSOLUTE
    ..\Src\adc.c                             0x00000000   Number         0  adc.o ABSOLUTE
    ..\Src\gpio.c                            0x00000000   Number         0  gpio.o ABSOLUTE
    ..\Src\i2c.c                             0x00000000   Number         0  i2c.o ABSOLUTE
    ..\Src\main.c                            0x00000000   Number         0  main.o ABSOLUTE
    ..\Src\stm32f1xx_hal_msp.c               0x00000000   Number         0  stm32f1xx_hal_msp.o ABSOLUTE
    ..\Src\stm32f1xx_it.c                    0x00000000   Number         0  stm32f1xx_it.o ABSOLUTE
    ..\Src\system_stm32f1xx.c                0x00000000   Number         0  system_stm32f1xx.o ABSOLUTE
    ..\Src\tim.c                             0x00000000   Number         0  tim.o ABSOLUTE
    ..\Src\usart.c                           0x00000000   Number         0  usart.o ABSOLUTE
    CommandProces.c                          0x00000000   Number         0  commandproces.o ABSOLUTE
    CommandProces.c                          0x00000000   Number         0  commandproces.o ABSOLUTE
    ControlFunction.c                        0x00000000   Number         0  controlfunction.o ABSOLUTE
    ControlFunction.c                        0x00000000   Number         0  controlfunction.o ABSOLUTE
    DisplayLevel.c                           0x00000000   Number         0  displaylevel.o ABSOLUTE
    DisplayLevel.c                           0x00000000   Number         0  displaylevel.o ABSOLUTE
    Ina226.c                                 0x00000000   Number         0  ina226.o ABSOLUTE
    Ina226.c                                 0x00000000   Number         0  ina226.o ABSOLUTE
    cdrcmple.s                               0x00000000   Number         0  cdrcmple.o ABSOLUTE
    dc.s                                     0x00000000   Number         0  dc.o ABSOLUTE
    handlers.s                               0x00000000   Number         0  handlers.o ABSOLUTE
    init.s                                   0x00000000   Number         0  init.o ABSOLUTE
    startup_stm32f103xb.s                    0x00000000   Number         0  startup_stm32f103xb.o ABSOLUTE
    RESET                                    0x08000000   Section      236  startup_stm32f103xb.o(RESET)
    .ARM.Collect$$$$00000000                 0x080000ec   Section        0  entry.o(.ARM.Collect$$$$00000000)
    .ARM.Collect$$$$00000001                 0x080000ec   Section        4  entry2.o(.ARM.Collect$$$$00000001)
    .ARM.Collect$$$$00000004                 0x080000f0   Section        4  entry5.o(.ARM.Collect$$$$00000004)
    .ARM.Collect$$$$00000008                 0x080000f4   Section        0  entry7b.o(.ARM.Collect$$$$00000008)
    .ARM.Collect$$$$0000000A                 0x080000f4   Section        0  entry8b.o(.ARM.Collect$$$$0000000A)
    .ARM.Collect$$$$0000000B                 0x080000f4   Section        8  entry9a.o(.ARM.Collect$$$$0000000B)
    .ARM.Collect$$$$0000000D                 0x080000fc   Section        0  entry10a.o(.ARM.Collect$$$$0000000D)
    .ARM.Collect$$$$0000000F                 0x080000fc   Section        0  entry11a.o(.ARM.Collect$$$$0000000F)
    .ARM.Collect$$$$00002712                 0x080000fc   Section        4  entry2.o(.ARM.Collect$$$$00002712)
    __lit__00000000                          0x080000fc   Data           4  entry2.o(.ARM.Collect$$$$00002712)
    .text                                    0x08000100   Section       36  startup_stm32f103xb.o(.text)
    .text                                    0x08000124   Section        0  llushr.o(.text)
    .text                                    0x08000144   Section        0  memseta.o(.text)
    .text                                    0x08000168   Section        0  strlen.o(.text)
    .text                                    0x08000176   Section        0  fmul.o(.text)
    .text                                    0x080001da   Section        0  dmul.o(.text)
    .text                                    0x080002be   Section        0  ddiv.o(.text)
    .text                                    0x0800039c   Section        0  dscalb.o(.text)
    .text                                    0x080003ca   Section        0  fflti.o(.text)
    .text                                    0x080003dc   Section        0  ffltui.o(.text)
    .text                                    0x080003e6   Section        0  dfltui.o(.text)
    .text                                    0x08000400   Section        0  f2d.o(.text)
    .text                                    0x08000426   Section        0  d2f.o(.text)
    .text                                    0x0800045e   Section        0  uidiv.o(.text)
    .text                                    0x0800048a   Section        0  uldiv.o(.text)
    .text                                    0x080004ec   Section        0  iusefp.o(.text)
    .text                                    0x080004ec   Section        0  fepilogue.o(.text)
    .text                                    0x0800055a   Section        0  depilogue.o(.text)
    .text                                    0x08000614   Section        0  dadd.o(.text)
    .text                                    0x08000762   Section        0  dfixul.o(.text)
    .text                                    0x08000794   Section       48  cdrcmple.o(.text)
    .text                                    0x080007c4   Section       36  init.o(.text)
    .text                                    0x080007e8   Section        0  llshl.o(.text)
    .text                                    0x08000806   Section        0  llsshr.o(.text)
    i.ADC_ConversionStop_Disable             0x0800082c   Section        0  stm32f1xx_hal_adc.o(i.ADC_ConversionStop_Disable)
    i.ADC_Enable                             0x08000878   Section        0  stm32f1xx_hal_adc.o(i.ADC_Enable)
    i.BusFault_Handler                       0x080008e8   Section        0  stm32f1xx_it.o(i.BusFault_Handler)
    i.Charger                                0x080008ec   Section        0  commandproces.o(i.Charger)
    i.DebugMon_Handler                       0x08000950   Section        0  stm32f1xx_it.o(i.DebugMon_Handler)
    i.Discharger                             0x08000954   Section        0  commandproces.o(i.Discharger)
    i.EXTI15_10_IRQHandler                   0x080009d8   Section        0  stm32f1xx_it.o(i.EXTI15_10_IRQHandler)
    i.Error_Handler                          0x080009ee   Section        0  main.o(i.Error_Handler)
    i.HAL_ADC_ConfigChannel                  0x080009f0   Section        0  stm32f1xx_hal_adc.o(i.HAL_ADC_ConfigChannel)
    i.HAL_ADC_GetValue                       0x08000aec   Section        0  stm32f1xx_hal_adc.o(i.HAL_ADC_GetValue)
    i.HAL_ADC_Init                           0x08000af4   Section        0  stm32f1xx_hal_adc.o(i.HAL_ADC_Init)
    i.HAL_ADC_MspInit                        0x08000c10   Section        0  adc.o(i.HAL_ADC_MspInit)
    i.HAL_ADC_Start                          0x08000c68   Section        0  stm32f1xx_hal_adc.o(i.HAL_ADC_Start)
    i.HAL_DMA_Abort_IT                       0x08000d28   Section        0  stm32f1xx_hal_dma.o(i.HAL_DMA_Abort_IT)
    i.HAL_DMA_GetState                       0x08000dc0   Section        0  stm32f1xx_hal_dma.o(i.HAL_DMA_GetState)
    i.HAL_GPIO_EXTI_Callback                 0x08000dc8   Section        0  main.o(i.HAL_GPIO_EXTI_Callback)
    i.HAL_GPIO_EXTI_IRQHandler               0x08000df8   Section        0  stm32f1xx_hal_gpio.o(i.HAL_GPIO_EXTI_IRQHandler)
    i.HAL_GPIO_Init                          0x08000e10   Section        0  stm32f1xx_hal_gpio.o(i.HAL_GPIO_Init)
    i.HAL_GPIO_ReadPin                       0x08000ff0   Section        0  stm32f1xx_hal_gpio.o(i.HAL_GPIO_ReadPin)
    i.HAL_GPIO_TogglePin                     0x08000ffa   Section        0  stm32f1xx_hal_gpio.o(i.HAL_GPIO_TogglePin)
    i.HAL_GPIO_WritePin                      0x0800100a   Section        0  stm32f1xx_hal_gpio.o(i.HAL_GPIO_WritePin)
    i.HAL_GetTick                            0x08001014   Section        0  stm32f1xx_hal.o(i.HAL_GetTick)
    i.HAL_I2C_AbortCpltCallback              0x08001020   Section        0  stm32f1xx_hal_i2c.o(i.HAL_I2C_AbortCpltCallback)
    i.HAL_I2C_AddrCallback                   0x08001022   Section        0  stm32f1xx_hal_i2c.o(i.HAL_I2C_AddrCallback)
    i.HAL_I2C_ER_IRQHandler                  0x08001024   Section        0  stm32f1xx_hal_i2c.o(i.HAL_I2C_ER_IRQHandler)
    i.HAL_I2C_EV_IRQHandler                  0x080010e8   Section        0  stm32f1xx_hal_i2c.o(i.HAL_I2C_EV_IRQHandler)
    i.HAL_I2C_ErrorCallback                  0x0800134e   Section        0  stm32f1xx_hal_i2c.o(i.HAL_I2C_ErrorCallback)
    i.HAL_I2C_Init                           0x08001350   Section        0  stm32f1xx_hal_i2c.o(i.HAL_I2C_Init)
    i.HAL_I2C_ListenCpltCallback             0x080014d8   Section        0  stm32f1xx_hal_i2c.o(i.HAL_I2C_ListenCpltCallback)
    i.HAL_I2C_MasterRxCpltCallback           0x080014da   Section        0  stm32f1xx_hal_i2c.o(i.HAL_I2C_MasterRxCpltCallback)
    i.HAL_I2C_MasterTxCpltCallback           0x080014dc   Section        0  stm32f1xx_hal_i2c.o(i.HAL_I2C_MasterTxCpltCallback)
    i.HAL_I2C_Master_Receive                 0x080014e0   Section        0  stm32f1xx_hal_i2c.o(i.HAL_I2C_Master_Receive)
    i.HAL_I2C_Master_Transmit                0x08001724   Section        0  stm32f1xx_hal_i2c.o(i.HAL_I2C_Master_Transmit)
    i.HAL_I2C_MemRxCpltCallback              0x08001850   Section        0  stm32f1xx_hal_i2c.o(i.HAL_I2C_MemRxCpltCallback)
    i.HAL_I2C_MemTxCpltCallback              0x08001852   Section        0  stm32f1xx_hal_i2c.o(i.HAL_I2C_MemTxCpltCallback)
    i.HAL_I2C_MspInit                        0x08001854   Section        0  i2c.o(i.HAL_I2C_MspInit)
    i.HAL_I2C_SlaveRxCpltCallback            0x080018d4   Section        0  stm32f1xx_hal_i2c.o(i.HAL_I2C_SlaveRxCpltCallback)
    i.HAL_I2C_SlaveTxCpltCallback            0x080018d6   Section        0  stm32f1xx_hal_i2c.o(i.HAL_I2C_SlaveTxCpltCallback)
    i.HAL_IncTick                            0x080018d8   Section        0  stm32f1xx_hal.o(i.HAL_IncTick)
    i.HAL_Init                               0x080018e8   Section        0  stm32f1xx_hal.o(i.HAL_Init)
    i.HAL_InitTick                           0x0800190c   Section        0  stm32f1xx_hal.o(i.HAL_InitTick)
    i.HAL_MspInit                            0x0800194c   Section        0  stm32f1xx_hal_msp.o(i.HAL_MspInit)
    i.HAL_NVIC_EnableIRQ                     0x08001988   Section        0  stm32f1xx_hal_cortex.o(i.HAL_NVIC_EnableIRQ)
    i.HAL_NVIC_SetPriority                   0x080019a4   Section        0  stm32f1xx_hal_cortex.o(i.HAL_NVIC_SetPriority)
    i.HAL_NVIC_SetPriorityGrouping           0x080019e4   Section        0  stm32f1xx_hal_cortex.o(i.HAL_NVIC_SetPriorityGrouping)
    i.HAL_RCCEx_PeriphCLKConfig              0x08001a08   Section        0  stm32f1xx_hal_rcc_ex.o(i.HAL_RCCEx_PeriphCLKConfig)
    i.HAL_RCC_ClockConfig                    0x08001af4   Section        0  stm32f1xx_hal_rcc.o(i.HAL_RCC_ClockConfig)
    i.HAL_RCC_GetPCLK1Freq                   0x08001c20   Section        0  stm32f1xx_hal_rcc.o(i.HAL_RCC_GetPCLK1Freq)
    i.HAL_RCC_GetPCLK2Freq                   0x08001c40   Section        0  stm32f1xx_hal_rcc.o(i.HAL_RCC_GetPCLK2Freq)
    i.HAL_RCC_GetSysClockFreq                0x08001c60   Section        0  stm32f1xx_hal_rcc.o(i.HAL_RCC_GetSysClockFreq)
    i.HAL_RCC_OscConfig                      0x08001ccc   Section        0  stm32f1xx_hal_rcc.o(i.HAL_RCC_OscConfig)
    i.HAL_SYSTICK_Config                     0x08001fec   Section        0  stm32f1xx_hal_cortex.o(i.HAL_SYSTICK_Config)
    i.HAL_TIMEx_BreakCallback                0x08002014   Section        0  stm32f1xx_hal_tim_ex.o(i.HAL_TIMEx_BreakCallback)
    i.HAL_TIMEx_CommutCallback               0x08002016   Section        0  stm32f1xx_hal_tim_ex.o(i.HAL_TIMEx_CommutCallback)
    i.HAL_TIMEx_MasterConfigSynchronization  0x08002018   Section        0  stm32f1xx_hal_tim_ex.o(i.HAL_TIMEx_MasterConfigSynchronization)
    i.HAL_TIM_Base_Init                      0x08002080   Section        0  stm32f1xx_hal_tim.o(i.HAL_TIM_Base_Init)
    i.HAL_TIM_Base_MspInit                   0x080020dc   Section        0  tim.o(i.HAL_TIM_Base_MspInit)
    i.HAL_TIM_Base_Start_IT                  0x08002114   Section        0  stm32f1xx_hal_tim.o(i.HAL_TIM_Base_Start_IT)
    i.HAL_TIM_ConfigClockSource              0x0800216c   Section        0  stm32f1xx_hal_tim.o(i.HAL_TIM_ConfigClockSource)
    i.HAL_TIM_IC_CaptureCallback             0x08002242   Section        0  stm32f1xx_hal_tim.o(i.HAL_TIM_IC_CaptureCallback)
    i.HAL_TIM_IRQHandler                     0x08002244   Section        0  stm32f1xx_hal_tim.o(i.HAL_TIM_IRQHandler)
    i.HAL_TIM_OC_DelayElapsedCallback        0x080023aa   Section        0  stm32f1xx_hal_tim.o(i.HAL_TIM_OC_DelayElapsedCallback)
    i.HAL_TIM_PWM_PulseFinishedCallback      0x080023ac   Section        0  stm32f1xx_hal_tim.o(i.HAL_TIM_PWM_PulseFinishedCallback)
    i.HAL_TIM_PeriodElapsedCallback          0x080023b0   Section        0  main.o(i.HAL_TIM_PeriodElapsedCallback)
    i.HAL_TIM_TriggerCallback                0x08002420   Section        0  stm32f1xx_hal_tim.o(i.HAL_TIM_TriggerCallback)
    i.HAL_UART_ErrorCallback                 0x08002422   Section        0  stm32f1xx_hal_uart.o(i.HAL_UART_ErrorCallback)
    i.HAL_UART_IRQHandler                    0x08002424   Section        0  stm32f1xx_hal_uart.o(i.HAL_UART_IRQHandler)
    i.HAL_UART_Init                          0x08002580   Section        0  stm32f1xx_hal_uart.o(i.HAL_UART_Init)
    i.HAL_UART_MspInit                       0x080025e4   Section        0  usart.o(i.HAL_UART_MspInit)
    i.HAL_UART_Receive_IT                    0x080026bc   Section        0  stm32f1xx_hal_uart.o(i.HAL_UART_Receive_IT)
    i.HAL_UART_RxCpltCallback                0x08002710   Section        0  main.o(i.HAL_UART_RxCpltCallback)
    i.HAL_UART_Transmit                      0x0800276c   Section        0  stm32f1xx_hal_uart.o(i.HAL_UART_Transmit)
    i.HAL_UART_TxCpltCallback                0x0800281e   Section        0  stm32f1xx_hal_uart.o(i.HAL_UART_TxCpltCallback)
    i.HardFault_Handler                      0x08002820   Section        0  stm32f1xx_it.o(i.HardFault_Handler)
    i.I2C2_ER_IRQHandler                     0x08002824   Section        0  stm32f1xx_it.o(i.I2C2_ER_IRQHandler)
    i.I2C2_EV_IRQHandler                     0x08002830   Section        0  stm32f1xx_it.o(i.I2C2_EV_IRQHandler)
    i.I2C_DMAAbort                           0x0800283c   Section        0  stm32f1xx_hal_i2c.o(i.I2C_DMAAbort)
    I2C_DMAAbort                             0x0800283d   Thumb Code   182  stm32f1xx_hal_i2c.o(i.I2C_DMAAbort)
    i.I2C_ITError                            0x080028f8   Section        0  stm32f1xx_hal_i2c.o(i.I2C_ITError)
    I2C_ITError                              0x080028f9   Thumb Code   336  stm32f1xx_hal_i2c.o(i.I2C_ITError)
    i.I2C_IsAcknowledgeFailed                0x08002a50   Section        0  stm32f1xx_hal_i2c.o(i.I2C_IsAcknowledgeFailed)
    I2C_IsAcknowledgeFailed                  0x08002a51   Thumb Code    46  stm32f1xx_hal_i2c.o(i.I2C_IsAcknowledgeFailed)
    i.I2C_MasterReceive_BTF                  0x08002a7e   Section        0  stm32f1xx_hal_i2c.o(i.I2C_MasterReceive_BTF)
    I2C_MasterReceive_BTF                    0x08002a7f   Thumb Code   210  stm32f1xx_hal_i2c.o(i.I2C_MasterReceive_BTF)
    i.I2C_MasterReceive_RXNE                 0x08002b50   Section        0  stm32f1xx_hal_i2c.o(i.I2C_MasterReceive_RXNE)
    I2C_MasterReceive_RXNE                   0x08002b51   Thumb Code   228  stm32f1xx_hal_i2c.o(i.I2C_MasterReceive_RXNE)
    i.I2C_MasterRequestRead                  0x08002c38   Section        0  stm32f1xx_hal_i2c.o(i.I2C_MasterRequestRead)
    I2C_MasterRequestRead                    0x08002c39   Thumb Code   230  stm32f1xx_hal_i2c.o(i.I2C_MasterRequestRead)
    i.I2C_MasterRequestWrite                 0x08002d24   Section        0  stm32f1xx_hal_i2c.o(i.I2C_MasterRequestWrite)
    I2C_MasterRequestWrite                   0x08002d25   Thumb Code   150  stm32f1xx_hal_i2c.o(i.I2C_MasterRequestWrite)
    i.I2C_MasterTransmit_BTF                 0x08002dc0   Section        0  stm32f1xx_hal_i2c.o(i.I2C_MasterTransmit_BTF)
    I2C_MasterTransmit_BTF                   0x08002dc1   Thumb Code   116  stm32f1xx_hal_i2c.o(i.I2C_MasterTransmit_BTF)
    i.I2C_MasterTransmit_TXE                 0x08002e34   Section        0  stm32f1xx_hal_i2c.o(i.I2C_MasterTransmit_TXE)
    I2C_MasterTransmit_TXE                   0x08002e35   Thumb Code   182  stm32f1xx_hal_i2c.o(i.I2C_MasterTransmit_TXE)
    i.I2C_Master_ADDR                        0x08002eec   Section        0  stm32f1xx_hal_i2c.o(i.I2C_Master_ADDR)
    I2C_Master_ADDR                          0x08002eed   Thumb Code   340  stm32f1xx_hal_i2c.o(i.I2C_Master_ADDR)
    i.I2C_Master_SB                          0x08003044   Section        0  stm32f1xx_hal_i2c.o(i.I2C_Master_SB)
    I2C_Master_SB                            0x08003045   Thumb Code   140  stm32f1xx_hal_i2c.o(i.I2C_Master_SB)
    i.I2C_MemoryTransmit_TXE_BTF             0x080030d0   Section        0  stm32f1xx_hal_i2c.o(i.I2C_MemoryTransmit_TXE_BTF)
    I2C_MemoryTransmit_TXE_BTF               0x080030d1   Thumb Code   160  stm32f1xx_hal_i2c.o(i.I2C_MemoryTransmit_TXE_BTF)
    i.I2C_Slave_AF                           0x08003170   Section        0  stm32f1xx_hal_i2c.o(i.I2C_Slave_AF)
    I2C_Slave_AF                             0x08003171   Thumb Code   126  stm32f1xx_hal_i2c.o(i.I2C_Slave_AF)
    i.I2C_Slave_STOPF                        0x080031f4   Section        0  stm32f1xx_hal_i2c.o(i.I2C_Slave_STOPF)
    I2C_Slave_STOPF                          0x080031f5   Thumb Code   338  stm32f1xx_hal_i2c.o(i.I2C_Slave_STOPF)
    i.I2C_WaitOnBTFFlagUntilTimeout          0x08003350   Section        0  stm32f1xx_hal_i2c.o(i.I2C_WaitOnBTFFlagUntilTimeout)
    I2C_WaitOnBTFFlagUntilTimeout            0x08003351   Thumb Code    76  stm32f1xx_hal_i2c.o(i.I2C_WaitOnBTFFlagUntilTimeout)
    i.I2C_WaitOnFlagUntilTimeout             0x0800339c   Section        0  stm32f1xx_hal_i2c.o(i.I2C_WaitOnFlagUntilTimeout)
    I2C_WaitOnFlagUntilTimeout               0x0800339d   Thumb Code   104  stm32f1xx_hal_i2c.o(i.I2C_WaitOnFlagUntilTimeout)
    i.I2C_WaitOnMasterAddressFlagUntilTimeout 0x08003404   Section        0  stm32f1xx_hal_i2c.o(i.I2C_WaitOnMasterAddressFlagUntilTimeout)
    I2C_WaitOnMasterAddressFlagUntilTimeout  0x08003405   Thumb Code   150  stm32f1xx_hal_i2c.o(i.I2C_WaitOnMasterAddressFlagUntilTimeout)
    i.I2C_WaitOnRXNEFlagUntilTimeout         0x0800349a   Section        0  stm32f1xx_hal_i2c.o(i.I2C_WaitOnRXNEFlagUntilTimeout)
    I2C_WaitOnRXNEFlagUntilTimeout           0x0800349b   Thumb Code   102  stm32f1xx_hal_i2c.o(i.I2C_WaitOnRXNEFlagUntilTimeout)
    i.I2C_WaitOnTXEFlagUntilTimeout          0x08003500   Section        0  stm32f1xx_hal_i2c.o(i.I2C_WaitOnTXEFlagUntilTimeout)
    I2C_WaitOnTXEFlagUntilTimeout            0x08003501   Thumb Code    76  stm32f1xx_hal_i2c.o(i.I2C_WaitOnTXEFlagUntilTimeout)
    i.INA226_getBusV                         0x0800354c   Section        0  ina226.o(i.INA226_getBusV)
    i.INA226_getBusVReg                      0x08003578   Section        0  ina226.o(i.INA226_getBusVReg)
    i.INA226_getCurrentReg                   0x080035b4   Section        0  ina226.o(i.INA226_getCurrentReg)
    i.INA226_getCurrent_Charge               0x080035f0   Section        0  ina226.o(i.INA226_getCurrent_Charge)
    i.INA226_getCurrent_Discharge            0x08003608   Section        0  ina226.o(i.INA226_getCurrent_Discharge)
    i.INA226_getPowerReg                     0x08003620   Section        0  ina226.o(i.INA226_getPowerReg)
    i.INA226_getPower_Charge                 0x0800365c   Section        0  ina226.o(i.INA226_getPower_Charge)
    i.INA226_getPower_Discharge              0x0800367c   Section        0  ina226.o(i.INA226_getPower_Discharge)
    i.INA226_setAlertLimit                   0x0800369c   Section        0  ina226.o(i.INA226_setAlertLimit)
    i.INA226_setCalibrationReg               0x080036bc   Section        0  ina226.o(i.INA226_setCalibrationReg)
    i.INA226_setConfig                       0x080036dc   Section        0  ina226.o(i.INA226_setConfig)
    i.INA226_setMaskEnable                   0x080036fc   Section        0  ina226.o(i.INA226_setMaskEnable)
    i.LightTurnOff                           0x0800371c   Section        0  commandproces.o(i.LightTurnOff)
    i.LightTurnOn                            0x0800374c   Section        0  commandproces.o(i.LightTurnOn)
    i.MX_ADC1_Init                           0x0800377c   Section        0  adc.o(i.MX_ADC1_Init)
    i.MX_GPIO_Init                           0x080037cc   Section        0  gpio.o(i.MX_GPIO_Init)
    i.MX_I2C2_Init                           0x080038c8   Section        0  i2c.o(i.MX_I2C2_Init)
    i.MX_TIM2_Init                           0x08003908   Section        0  tim.o(i.MX_TIM2_Init)
    i.MX_USART1_UART_Init                    0x0800396c   Section        0  usart.o(i.MX_USART1_UART_Init)
    i.MX_USART2_UART_Init                    0x080039a4   Section        0  usart.o(i.MX_USART2_UART_Init)
    i.MainProce                              0x080039dc   Section        0  commandproces.o(i.MainProce)
    i.MemManage_Handler                      0x08003a30   Section        0  stm32f1xx_it.o(i.MemManage_Handler)
    i.NMI_Handler                            0x08003a32   Section        0  stm32f1xx_it.o(i.NMI_Handler)
    i.NormalMode                             0x08003a34   Section        0  commandproces.o(i.NormalMode)
    i.PendSV_Handler                         0x08003a4c   Section        0  stm32f1xx_it.o(i.PendSV_Handler)
    i.PreProces                              0x08003a50   Section        0  commandproces.o(i.PreProces)
    i.SVC_Handler                            0x08003ab8   Section        0  stm32f1xx_it.o(i.SVC_Handler)
    i.SavePowerMode                          0x08003abc   Section        0  commandproces.o(i.SavePowerMode)
    i.SolarToWave                            0x08003ad4   Section        0  commandproces.o(i.SolarToWave)
    i.Status                                 0x08003b04   Section        0  commandproces.o(i.Status)
    i.SysTick_Handler                        0x08003b6c   Section        0  stm32f1xx_it.o(i.SysTick_Handler)
    i.SystemClock_Config                     0x08003b70   Section        0  main.o(i.SystemClock_Config)
    i.SystemInit                             0x08003bc2   Section        0  system_stm32f1xx.o(i.SystemInit)
    i.TIM2_IRQHandler                        0x08003bc4   Section        0  stm32f1xx_it.o(i.TIM2_IRQHandler)
    i.TIM_Base_SetConfig                     0x08003bd0   Section        0  stm32f1xx_hal_tim.o(i.TIM_Base_SetConfig)
    i.TIM_ETR_SetConfig                      0x08003c3c   Section        0  stm32f1xx_hal_tim.o(i.TIM_ETR_SetConfig)
    i.TIM_ITRx_SetConfig                     0x08003c50   Section        0  stm32f1xx_hal_tim.o(i.TIM_ITRx_SetConfig)
    TIM_ITRx_SetConfig                       0x08003c51   Thumb Code    16  stm32f1xx_hal_tim.o(i.TIM_ITRx_SetConfig)
    i.TIM_TI1_ConfigInputStage               0x08003c60   Section        0  stm32f1xx_hal_tim.o(i.TIM_TI1_ConfigInputStage)
    TIM_TI1_ConfigInputStage                 0x08003c61   Thumb Code    34  stm32f1xx_hal_tim.o(i.TIM_TI1_ConfigInputStage)
    i.TIM_TI2_ConfigInputStage               0x08003c82   Section        0  stm32f1xx_hal_tim.o(i.TIM_TI2_ConfigInputStage)
    TIM_TI2_ConfigInputStage                 0x08003c83   Thumb Code    36  stm32f1xx_hal_tim.o(i.TIM_TI2_ConfigInputStage)
    i.TurnOffShowLevel                       0x08003ca8   Section        0  displaylevel.o(i.TurnOffShowLevel)
    i.TurnOnShowLevel                        0x08003cfc   Section        0  displaylevel.o(i.TurnOnShowLevel)
    i.UART_DMAAbortOnError                   0x08003ed8   Section        0  stm32f1xx_hal_uart.o(i.UART_DMAAbortOnError)
    UART_DMAAbortOnError                     0x08003ed9   Thumb Code    16  stm32f1xx_hal_uart.o(i.UART_DMAAbortOnError)
    i.UART_EndRxTransfer                     0x08003ee8   Section        0  stm32f1xx_hal_uart.o(i.UART_EndRxTransfer)
    UART_EndRxTransfer                       0x08003ee9   Thumb Code    28  stm32f1xx_hal_uart.o(i.UART_EndRxTransfer)
    i.UART_Receive_IT                        0x08003f04   Section        0  stm32f1xx_hal_uart.o(i.UART_Receive_IT)
    UART_Receive_IT                          0x08003f05   Thumb Code   140  stm32f1xx_hal_uart.o(i.UART_Receive_IT)
    i.UART_SetConfig                         0x08003f90   Section        0  stm32f1xx_hal_uart.o(i.UART_SetConfig)
    UART_SetConfig                           0x08003f91   Thumb Code   178  stm32f1xx_hal_uart.o(i.UART_SetConfig)
    i.UART_WaitOnFlagUntilTimeout            0x08004048   Section        0  stm32f1xx_hal_uart.o(i.UART_WaitOnFlagUntilTimeout)
    UART_WaitOnFlagUntilTimeout              0x08004049   Thumb Code   100  stm32f1xx_hal_uart.o(i.UART_WaitOnFlagUntilTimeout)
    i.USART1_IRQHandler                      0x080040ac   Section        0  stm32f1xx_it.o(i.USART1_IRQHandler)
    i.USART2_IRQHandler                      0x080040b8   Section        0  stm32f1xx_it.o(i.USART2_IRQHandler)
    i.UsageFault_Handler                     0x080040c4   Section        0  stm32f1xx_it.o(i.UsageFault_Handler)
    i.WaveToSolar                            0x080040c8   Section        0  commandproces.o(i.WaveToSolar)
    i.__0printf                              0x080040f8   Section        0  printfa.o(i.__0printf)
    i.__NVIC_SetPriority                     0x08004118   Section        0  stm32f1xx_hal_cortex.o(i.__NVIC_SetPriority)
    __NVIC_SetPriority                       0x08004119   Thumb Code    32  stm32f1xx_hal_cortex.o(i.__NVIC_SetPriority)
    i.__scatterload_copy                     0x08004138   Section       14  handlers.o(i.__scatterload_copy)
    i.__scatterload_null                     0x08004146   Section        2  handlers.o(i.__scatterload_null)
    i.__scatterload_zeroinit                 0x08004148   Section       14  handlers.o(i.__scatterload_zeroinit)
    i._fp_digits                             0x08004158   Section        0  printfa.o(i._fp_digits)
    _fp_digits                               0x08004159   Thumb Code   366  printfa.o(i._fp_digits)
    i._printf_core                           0x080042dc   Section        0  printfa.o(i._printf_core)
    _printf_core                             0x080042dd   Thumb Code  1744  printfa.o(i._printf_core)
    i._printf_post_padding                   0x080049b8   Section        0  printfa.o(i._printf_post_padding)
    _printf_post_padding                     0x080049b9   Thumb Code    36  printfa.o(i._printf_post_padding)
    i._printf_pre_padding                    0x080049dc   Section        0  printfa.o(i._printf_pre_padding)
    _printf_pre_padding                      0x080049dd   Thumb Code    46  printfa.o(i._printf_pre_padding)
    i.fputc                                  0x08004a0c   Section        0  main.o(i.fputc)
    i.main                                   0x08004a24   Section        0  main.o(i.main)
    .constdata                               0x08004b40   Section       16  system_stm32f1xx.o(.constdata)
    .constdata                               0x08004b50   Section        8  system_stm32f1xx.o(.constdata)
    .data                                    0x20000000   Section        4  displaylevel.o(.data)
    .data                                    0x20000004   Section       24  commandproces.o(.data)
    .data                                    0x2000001c   Section        5  main.o(.data)
    .data                                    0x20000024   Section       12  stm32f1xx_hal.o(.data)
    .data                                    0x20000030   Section        4  system_stm32f1xx.o(.data)
    .data                                    0x20000034   Section        4  stdout.o(.data)
    .bss                                     0x20000038   Section      200  commandproces.o(.bss)
    .bss                                     0x20000100   Section       48  adc.o(.bss)
    .bss                                     0x20000130   Section       84  i2c.o(.bss)
    .bss                                     0x20000184   Section       72  tim.o(.bss)
    .bss                                     0x200001cc   Section      128  usart.o(.bss)
    STACK                                    0x20000250   Section     1024  startup_stm32f103xb.o(STACK)

    Global Symbols

    Symbol Name                              Value     Ov Type        Size  Object(Section)

    BuildAttributes$$THM_ISAv4$P$D$K$B$S$PE$A:L22UL41UL21$X:L11$S22US41US21$IEEE1$IW$USESV6$~STKCKD$USESV7$~SHL$OTIME$ROPI$EBA8$MICROLIB$REQ8$PRES8$EABIv2 0x00000000   Number         0  anon$$obj.o ABSOLUTE
    __ARM_use_no_argv                        0x00000000   Number         0  main.o ABSOLUTE
    _printf_a                                0x00000000   Number         0  stubs.o ABSOLUTE
    _printf_c                                0x00000000   Number         0  stubs.o ABSOLUTE
    _printf_charcount                        0x00000000   Number         0  stubs.o ABSOLUTE
    _printf_d                                0x00000000   Number         0  stubs.o ABSOLUTE
    _printf_e                                0x00000000   Number         0  stubs.o ABSOLUTE
    _printf_f                                0x00000000   Number         0  stubs.o ABSOLUTE
    _printf_flags                            0x00000000   Number         0  stubs.o ABSOLUTE
    _printf_fp_dec                           0x00000000   Number         0  stubs.o ABSOLUTE
    _printf_fp_hex                           0x00000000   Number         0  stubs.o ABSOLUTE
    _printf_g                                0x00000000   Number         0  stubs.o ABSOLUTE
    _printf_i                                0x00000000   Number         0  stubs.o ABSOLUTE
    _printf_int_dec                          0x00000000   Number         0  stubs.o ABSOLUTE
    _printf_l                                0x00000000   Number         0  stubs.o ABSOLUTE
    _printf_lc                               0x00000000   Number         0  stubs.o ABSOLUTE
    _printf_ll                               0x00000000   Number         0  stubs.o ABSOLUTE
    _printf_lld                              0x00000000   Number         0  stubs.o ABSOLUTE
    _printf_lli                              0x00000000   Number         0  stubs.o ABSOLUTE
    _printf_llo                              0x00000000   Number         0  stubs.o ABSOLUTE
    _printf_llu                              0x00000000   Number         0  stubs.o ABSOLUTE
    _printf_llx                              0x00000000   Number         0  stubs.o ABSOLUTE
    _printf_longlong_dec                     0x00000000   Number         0  stubs.o ABSOLUTE
    _printf_longlong_hex                     0x00000000   Number         0  stubs.o ABSOLUTE
    _printf_longlong_oct                     0x00000000   Number         0  stubs.o ABSOLUTE
    _printf_ls                               0x00000000   Number         0  stubs.o ABSOLUTE
    _printf_mbtowc                           0x00000000   Number         0  stubs.o ABSOLUTE
    _printf_n                                0x00000000   Number         0  stubs.o ABSOLUTE
    _printf_o                                0x00000000   Number         0  stubs.o ABSOLUTE
    _printf_p                                0x00000000   Number         0  stubs.o ABSOLUTE
    _printf_percent                          0x00000000   Number         0  stubs.o ABSOLUTE
    _printf_pre_padding                      0x00000000   Number         0  stubs.o ABSOLUTE
    _printf_return_value                     0x00000000   Number         0  stubs.o ABSOLUTE
    _printf_s                                0x00000000   Number         0  stubs.o ABSOLUTE
    _printf_sizespec                         0x00000000   Number         0  stubs.o ABSOLUTE
    _printf_str                              0x00000000   Number         0  stubs.o ABSOLUTE
    _printf_truncate_signed                  0x00000000   Number         0  stubs.o ABSOLUTE
    _printf_truncate_unsigned                0x00000000   Number         0  stubs.o ABSOLUTE
    _printf_u                                0x00000000   Number         0  stubs.o ABSOLUTE
    _printf_wc                               0x00000000   Number         0  stubs.o ABSOLUTE
    _printf_wctomb                           0x00000000   Number         0  stubs.o ABSOLUTE
    _printf_widthprec                        0x00000000   Number         0  stubs.o ABSOLUTE
    _printf_x                                0x00000000   Number         0  stubs.o ABSOLUTE
    __cpp_initialize__aeabi_                  - Undefined Weak Reference
    __cxa_finalize                            - Undefined Weak Reference
    __decompress                              - Undefined Weak Reference
    _clock_init                               - Undefined Weak Reference
    _microlib_exit                            - Undefined Weak Reference
    __Vectors_Size                           0x000000ec   Number         0  startup_stm32f103xb.o ABSOLUTE
    __Vectors                                0x08000000   Data           4  startup_stm32f103xb.o(RESET)
    __Vectors_End                            0x080000ec   Data           0  startup_stm32f103xb.o(RESET)
    __main                                   0x080000ed   Thumb Code     0  entry.o(.ARM.Collect$$$$00000000)
    _main_stk                                0x080000ed   Thumb Code     0  entry2.o(.ARM.Collect$$$$00000001)
    _main_scatterload                        0x080000f1   Thumb Code     0  entry5.o(.ARM.Collect$$$$00000004)
    __main_after_scatterload                 0x080000f5   Thumb Code     0  entry5.o(.ARM.Collect$$$$00000004)
    _main_clock                              0x080000f5   Thumb Code     0  entry7b.o(.ARM.Collect$$$$00000008)
    _main_cpp_init                           0x080000f5   Thumb Code     0  entry8b.o(.ARM.Collect$$$$0000000A)
    _main_init                               0x080000f5   Thumb Code     0  entry9a.o(.ARM.Collect$$$$0000000B)
    __rt_final_cpp                           0x080000fd   Thumb Code     0  entry10a.o(.ARM.Collect$$$$0000000D)
    __rt_final_exit                          0x080000fd   Thumb Code     0  entry11a.o(.ARM.Collect$$$$0000000F)
    Reset_Handler                            0x08000101   Thumb Code     8  startup_stm32f103xb.o(.text)
    ADC1_2_IRQHandler                        0x0800011b   Thumb Code     0  startup_stm32f103xb.o(.text)
    CAN1_RX1_IRQHandler                      0x0800011b   Thumb Code     0  startup_stm32f103xb.o(.text)
    CAN1_SCE_IRQHandler                      0x0800011b   Thumb Code     0  startup_stm32f103xb.o(.text)
    DMA1_Channel1_IRQHandler                 0x0800011b   Thumb Code     0  startup_stm32f103xb.o(.text)
    DMA1_Channel2_IRQHandler                 0x0800011b   Thumb Code     0  startup_stm32f103xb.o(.text)
    DMA1_Channel3_IRQHandler                 0x0800011b   Thumb Code     0  startup_stm32f103xb.o(.text)
    DMA1_Channel4_IRQHandler                 0x0800011b   Thumb Code     0  startup_stm32f103xb.o(.text)
    DMA1_Channel5_IRQHandler                 0x0800011b   Thumb Code     0  startup_stm32f103xb.o(.text)
    DMA1_Channel6_IRQHandler                 0x0800011b   Thumb Code     0  startup_stm32f103xb.o(.text)
    DMA1_Channel7_IRQHandler                 0x0800011b   Thumb Code     0  startup_stm32f103xb.o(.text)
    EXTI0_IRQHandler                         0x0800011b   Thumb Code     0  startup_stm32f103xb.o(.text)
    EXTI1_IRQHandler                         0x0800011b   Thumb Code     0  startup_stm32f103xb.o(.text)
    EXTI2_IRQHandler                         0x0800011b   Thumb Code     0  startup_stm32f103xb.o(.text)
    EXTI3_IRQHandler                         0x0800011b   Thumb Code     0  startup_stm32f103xb.o(.text)
    EXTI4_IRQHandler                         0x0800011b   Thumb Code     0  startup_stm32f103xb.o(.text)
    EXTI9_5_IRQHandler                       0x0800011b   Thumb Code     0  startup_stm32f103xb.o(.text)
    FLASH_IRQHandler                         0x0800011b   Thumb Code     0  startup_stm32f103xb.o(.text)
    I2C1_ER_IRQHandler                       0x0800011b   Thumb Code     0  startup_stm32f103xb.o(.text)
    I2C1_EV_IRQHandler                       0x0800011b   Thumb Code     0  startup_stm32f103xb.o(.text)
    PVD_IRQHandler                           0x0800011b   Thumb Code     0  startup_stm32f103xb.o(.text)
    RCC_IRQHandler                           0x0800011b   Thumb Code     0  startup_stm32f103xb.o(.text)
    RTC_Alarm_IRQHandler                     0x0800011b   Thumb Code     0  startup_stm32f103xb.o(.text)
    RTC_IRQHandler                           0x0800011b   Thumb Code     0  startup_stm32f103xb.o(.text)
    SPI1_IRQHandler                          0x0800011b   Thumb Code     0  startup_stm32f103xb.o(.text)
    SPI2_IRQHandler                          0x0800011b   Thumb Code     0  startup_stm32f103xb.o(.text)
    TAMPER_IRQHandler                        0x0800011b   Thumb Code     0  startup_stm32f103xb.o(.text)
    TIM1_BRK_IRQHandler                      0x0800011b   Thumb Code     0  startup_stm32f103xb.o(.text)
    TIM1_CC_IRQHandler                       0x0800011b   Thumb Code     0  startup_stm32f103xb.o(.text)
    TIM1_TRG_COM_IRQHandler                  0x0800011b   Thumb Code     0  startup_stm32f103xb.o(.text)
    TIM1_UP_IRQHandler                       0x0800011b   Thumb Code     0  startup_stm32f103xb.o(.text)
    TIM3_IRQHandler                          0x0800011b   Thumb Code     0  startup_stm32f103xb.o(.text)
    TIM4_IRQHandler                          0x0800011b   Thumb Code     0  startup_stm32f103xb.o(.text)
    USART3_IRQHandler                        0x0800011b   Thumb Code     0  startup_stm32f103xb.o(.text)
    USBWakeUp_IRQHandler                     0x0800011b   Thumb Code     0  startup_stm32f103xb.o(.text)
    USB_HP_CAN1_TX_IRQHandler                0x0800011b   Thumb Code     0  startup_stm32f103xb.o(.text)
    USB_LP_CAN1_RX0_IRQHandler               0x0800011b   Thumb Code     0  startup_stm32f103xb.o(.text)
    WWDG_IRQHandler                          0x0800011b   Thumb Code     0  startup_stm32f103xb.o(.text)
    __aeabi_llsr                             0x08000125   Thumb Code    32  llushr.o(.text)
    _ll_ushift_r                             0x08000125   Thumb Code     0  llushr.o(.text)
    __aeabi_memset                           0x08000145   Thumb Code    14  memseta.o(.text)
    __aeabi_memset4                          0x08000145   Thumb Code     0  memseta.o(.text)
    __aeabi_memset8                          0x08000145   Thumb Code     0  memseta.o(.text)
    __aeabi_memclr                           0x08000153   Thumb Code     4  memseta.o(.text)
    __aeabi_memclr4                          0x08000153   Thumb Code     0  memseta.o(.text)
    __aeabi_memclr8                          0x08000153   Thumb Code     0  memseta.o(.text)
    _memset$wrapper                          0x08000157   Thumb Code    18  memseta.o(.text)
    strlen                                   0x08000169   Thumb Code    14  strlen.o(.text)
    __aeabi_fmul                             0x08000177   Thumb Code   100  fmul.o(.text)
    __aeabi_dmul                             0x080001db   Thumb Code   228  dmul.o(.text)
    __aeabi_ddiv                             0x080002bf   Thumb Code   222  ddiv.o(.text)
    __ARM_scalbn                             0x0800039d   Thumb Code    46  dscalb.o(.text)
    scalbn                                   0x0800039d   Thumb Code     0  dscalb.o(.text)
    __aeabi_i2f                              0x080003cb   Thumb Code    18  fflti.o(.text)
    __aeabi_ui2f                             0x080003dd   Thumb Code    10  ffltui.o(.text)
    __aeabi_ui2d                             0x080003e7   Thumb Code    26  dfltui.o(.text)
    __aeabi_f2d                              0x08000401   Thumb Code    38  f2d.o(.text)
    __aeabi_d2f                              0x08000427   Thumb Code    56  d2f.o(.text)
    __aeabi_uidiv                            0x0800045f   Thumb Code     0  uidiv.o(.text)
    __aeabi_uidivmod                         0x0800045f   Thumb Code    44  uidiv.o(.text)
    __aeabi_uldivmod                         0x0800048b   Thumb Code    98  uldiv.o(.text)
    __I$use$fp                               0x080004ed   Thumb Code     0  iusefp.o(.text)
    _float_round                             0x080004ed   Thumb Code    18  fepilogue.o(.text)
    _float_epilogue                          0x080004ff   Thumb Code    92  fepilogue.o(.text)
    _double_round                            0x0800055b   Thumb Code    30  depilogue.o(.text)
    _double_epilogue                         0x08000579   Thumb Code   156  depilogue.o(.text)
    __aeabi_dadd                             0x08000615   Thumb Code   322  dadd.o(.text)
    __aeabi_dsub                             0x08000757   Thumb Code     6  dadd.o(.text)
    __aeabi_drsub                            0x0800075d   Thumb Code     6  dadd.o(.text)
    __aeabi_d2ulz                            0x08000763   Thumb Code    48  dfixul.o(.text)
    __aeabi_cdrcmple                         0x08000795   Thumb Code    48  cdrcmple.o(.text)
    __scatterload                            0x080007c5   Thumb Code    28  init.o(.text)
    __scatterload_rt2                        0x080007c5   Thumb Code     0  init.o(.text)
    __aeabi_llsl                             0x080007e9   Thumb Code    30  llshl.o(.text)
    _ll_shift_l                              0x080007e9   Thumb Code     0  llshl.o(.text)
    __aeabi_lasr                             0x08000807   Thumb Code    36  llsshr.o(.text)
    _ll_sshift_r                             0x08000807   Thumb Code     0  llsshr.o(.text)
    ADC_ConversionStop_Disable               0x0800082d   Thumb Code    76  stm32f1xx_hal_adc.o(i.ADC_ConversionStop_Disable)
    ADC_Enable                               0x08000879   Thumb Code   104  stm32f1xx_hal_adc.o(i.ADC_Enable)
    BusFault_Handler                         0x080008e9   Thumb Code     2  stm32f1xx_it.o(i.BusFault_Handler)
    Charger                                  0x080008ed   Thumb Code    68  commandproces.o(i.Charger)
    DebugMon_Handler                         0x08000951   Thumb Code     2  stm32f1xx_it.o(i.DebugMon_Handler)
    Discharger                               0x08000955   Thumb Code    94  commandproces.o(i.Discharger)
    EXTI15_10_IRQHandler                     0x080009d9   Thumb Code    22  stm32f1xx_it.o(i.EXTI15_10_IRQHandler)
    Error_Handler                            0x080009ef   Thumb Code     2  main.o(i.Error_Handler)
    HAL_ADC_ConfigChannel                    0x080009f1   Thumb Code   240  stm32f1xx_hal_adc.o(i.HAL_ADC_ConfigChannel)
    HAL_ADC_GetValue                         0x08000aed   Thumb Code     6  stm32f1xx_hal_adc.o(i.HAL_ADC_GetValue)
    HAL_ADC_Init                             0x08000af5   Thumb Code   272  stm32f1xx_hal_adc.o(i.HAL_ADC_Init)
    HAL_ADC_MspInit                          0x08000c11   Thumb Code    76  adc.o(i.HAL_ADC_MspInit)
    HAL_ADC_Start                            0x08000c69   Thumb Code   184  stm32f1xx_hal_adc.o(i.HAL_ADC_Start)
    HAL_DMA_Abort_IT                         0x08000d29   Thumb Code   148  stm32f1xx_hal_dma.o(i.HAL_DMA_Abort_IT)
    HAL_DMA_GetState                         0x08000dc1   Thumb Code     6  stm32f1xx_hal_dma.o(i.HAL_DMA_GetState)
    HAL_GPIO_EXTI_Callback                   0x08000dc9   Thumb Code    40  main.o(i.HAL_GPIO_EXTI_Callback)
    HAL_GPIO_EXTI_IRQHandler                 0x08000df9   Thumb Code    18  stm32f1xx_hal_gpio.o(i.HAL_GPIO_EXTI_IRQHandler)
    HAL_GPIO_Init                            0x08000e11   Thumb Code   446  stm32f1xx_hal_gpio.o(i.HAL_GPIO_Init)
    HAL_GPIO_ReadPin                         0x08000ff1   Thumb Code    10  stm32f1xx_hal_gpio.o(i.HAL_GPIO_ReadPin)
    HAL_GPIO_TogglePin                       0x08000ffb   Thumb Code    16  stm32f1xx_hal_gpio.o(i.HAL_GPIO_TogglePin)
    HAL_GPIO_WritePin                        0x0800100b   Thumb Code    10  stm32f1xx_hal_gpio.o(i.HAL_GPIO_WritePin)
    HAL_GetTick                              0x08001015   Thumb Code     6  stm32f1xx_hal.o(i.HAL_GetTick)
    HAL_I2C_AbortCpltCallback                0x08001021   Thumb Code     2  stm32f1xx_hal_i2c.o(i.HAL_I2C_AbortCpltCallback)
    HAL_I2C_AddrCallback                     0x08001023   Thumb Code     2  stm32f1xx_hal_i2c.o(i.HAL_I2C_AddrCallback)
    HAL_I2C_ER_IRQHandler                    0x08001025   Thumb Code   196  stm32f1xx_hal_i2c.o(i.HAL_I2C_ER_IRQHandler)
    HAL_I2C_EV_IRQHandler                    0x080010e9   Thumb Code   614  stm32f1xx_hal_i2c.o(i.HAL_I2C_EV_IRQHandler)
    HAL_I2C_ErrorCallback                    0x0800134f   Thumb Code     2  stm32f1xx_hal_i2c.o(i.HAL_I2C_ErrorCallback)
    HAL_I2C_Init                             0x08001351   Thumb Code   376  stm32f1xx_hal_i2c.o(i.HAL_I2C_Init)
    HAL_I2C_ListenCpltCallback               0x080014d9   Thumb Code     2  stm32f1xx_hal_i2c.o(i.HAL_I2C_ListenCpltCallback)
    HAL_I2C_MasterRxCpltCallback             0x080014db   Thumb Code     2  stm32f1xx_hal_i2c.o(i.HAL_I2C_MasterRxCpltCallback)
    HAL_I2C_MasterTxCpltCallback             0x080014dd   Thumb Code     2  stm32f1xx_hal_i2c.o(i.HAL_I2C_MasterTxCpltCallback)
    HAL_I2C_Master_Receive                   0x080014e1   Thumb Code   564  stm32f1xx_hal_i2c.o(i.HAL_I2C_Master_Receive)
    HAL_I2C_Master_Transmit                  0x08001725   Thumb Code   290  stm32f1xx_hal_i2c.o(i.HAL_I2C_Master_Transmit)
    HAL_I2C_MemRxCpltCallback                0x08001851   Thumb Code     2  stm32f1xx_hal_i2c.o(i.HAL_I2C_MemRxCpltCallback)
    HAL_I2C_MemTxCpltCallback                0x08001853   Thumb Code     2  stm32f1xx_hal_i2c.o(i.HAL_I2C_MemTxCpltCallback)
    HAL_I2C_MspInit                          0x08001855   Thumb Code   114  i2c.o(i.HAL_I2C_MspInit)
    HAL_I2C_SlaveRxCpltCallback              0x080018d5   Thumb Code     2  stm32f1xx_hal_i2c.o(i.HAL_I2C_SlaveRxCpltCallback)
    HAL_I2C_SlaveTxCpltCallback              0x080018d7   Thumb Code     2  stm32f1xx_hal_i2c.o(i.HAL_I2C_SlaveTxCpltCallback)
    HAL_IncTick                              0x080018d9   Thumb Code    12  stm32f1xx_hal.o(i.HAL_IncTick)
    HAL_Init                                 0x080018e9   Thumb Code    32  stm32f1xx_hal.o(i.HAL_Init)
    HAL_InitTick                             0x0800190d   Thumb Code    54  stm32f1xx_hal.o(i.HAL_InitTick)
    HAL_MspInit                              0x0800194d   Thumb Code    52  stm32f1xx_hal_msp.o(i.HAL_MspInit)
    HAL_NVIC_EnableIRQ                       0x08001989   Thumb Code    26  stm32f1xx_hal_cortex.o(i.HAL_NVIC_EnableIRQ)
    HAL_NVIC_SetPriority                     0x080019a5   Thumb Code    60  stm32f1xx_hal_cortex.o(i.HAL_NVIC_SetPriority)
    HAL_NVIC_SetPriorityGrouping             0x080019e5   Thumb Code    26  stm32f1xx_hal_cortex.o(i.HAL_NVIC_SetPriorityGrouping)
    HAL_RCCEx_PeriphCLKConfig                0x08001a09   Thumb Code   224  stm32f1xx_hal_rcc_ex.o(i.HAL_RCCEx_PeriphCLKConfig)
    HAL_RCC_ClockConfig                      0x08001af5   Thumb Code   280  stm32f1xx_hal_rcc.o(i.HAL_RCC_ClockConfig)
    HAL_RCC_GetPCLK1Freq                     0x08001c21   Thumb Code    20  stm32f1xx_hal_rcc.o(i.HAL_RCC_GetPCLK1Freq)
    HAL_RCC_GetPCLK2Freq                     0x08001c41   Thumb Code    20  stm32f1xx_hal_rcc.o(i.HAL_RCC_GetPCLK2Freq)
    HAL_RCC_GetSysClockFreq                  0x08001c61   Thumb Code    74  stm32f1xx_hal_rcc.o(i.HAL_RCC_GetSysClockFreq)
    HAL_RCC_OscConfig                        0x08001ccd   Thumb Code   778  stm32f1xx_hal_rcc.o(i.HAL_RCC_OscConfig)
    HAL_SYSTICK_Config                       0x08001fed   Thumb Code    40  stm32f1xx_hal_cortex.o(i.HAL_SYSTICK_Config)
    HAL_TIMEx_BreakCallback                  0x08002015   Thumb Code     2  stm32f1xx_hal_tim_ex.o(i.HAL_TIMEx_BreakCallback)
    HAL_TIMEx_CommutCallback                 0x08002017   Thumb Code     2  stm32f1xx_hal_tim_ex.o(i.HAL_TIMEx_CommutCallback)
    HAL_TIMEx_MasterConfigSynchronization    0x08002019   Thumb Code    92  stm32f1xx_hal_tim_ex.o(i.HAL_TIMEx_MasterConfigSynchronization)
    HAL_TIM_Base_Init                        0x08002081   Thumb Code    90  stm32f1xx_hal_tim.o(i.HAL_TIM_Base_Init)
    HAL_TIM_Base_MspInit                     0x080020dd   Thumb Code    50  tim.o(i.HAL_TIM_Base_MspInit)
    HAL_TIM_Base_Start_IT                    0x08002115   Thumb Code    76  stm32f1xx_hal_tim.o(i.HAL_TIM_Base_Start_IT)
    HAL_TIM_ConfigClockSource                0x0800216d   Thumb Code   214  stm32f1xx_hal_tim.o(i.HAL_TIM_ConfigClockSource)
    HAL_TIM_IC_CaptureCallback               0x08002243   Thumb Code     2  stm32f1xx_hal_tim.o(i.HAL_TIM_IC_CaptureCallback)
    HAL_TIM_IRQHandler                       0x08002245   Thumb Code   358  stm32f1xx_hal_tim.o(i.HAL_TIM_IRQHandler)
    HAL_TIM_OC_DelayElapsedCallback          0x080023ab   Thumb Code     2  stm32f1xx_hal_tim.o(i.HAL_TIM_OC_DelayElapsedCallback)
    HAL_TIM_PWM_PulseFinishedCallback        0x080023ad   Thumb Code     2  stm32f1xx_hal_tim.o(i.HAL_TIM_PWM_PulseFinishedCallback)
    HAL_TIM_PeriodElapsedCallback            0x080023b1   Thumb Code   104  main.o(i.HAL_TIM_PeriodElapsedCallback)
    HAL_TIM_TriggerCallback                  0x08002421   Thumb Code     2  stm32f1xx_hal_tim.o(i.HAL_TIM_TriggerCallback)
    HAL_UART_ErrorCallback                   0x08002423   Thumb Code     2  stm32f1xx_hal_uart.o(i.HAL_UART_ErrorCallback)
    HAL_UART_IRQHandler                      0x08002425   Thumb Code   344  stm32f1xx_hal_uart.o(i.HAL_UART_IRQHandler)
    HAL_UART_Init                            0x08002581   Thumb Code    98  stm32f1xx_hal_uart.o(i.HAL_UART_Init)
    HAL_UART_MspInit                         0x080025e5   Thumb Code   198  usart.o(i.HAL_UART_MspInit)
    HAL_UART_Receive_IT                      0x080026bd   Thumb Code    82  stm32f1xx_hal_uart.o(i.HAL_UART_Receive_IT)
    HAL_UART_RxCpltCallback                  0x08002711   Thumb Code    74  main.o(i.HAL_UART_RxCpltCallback)
    HAL_UART_Transmit                        0x0800276d   Thumb Code   178  stm32f1xx_hal_uart.o(i.HAL_UART_Transmit)
    HAL_UART_TxCpltCallback                  0x0800281f   Thumb Code     2  stm32f1xx_hal_uart.o(i.HAL_UART_TxCpltCallback)
    HardFault_Handler                        0x08002821   Thumb Code     2  stm32f1xx_it.o(i.HardFault_Handler)
    I2C2_ER_IRQHandler                       0x08002825   Thumb Code     6  stm32f1xx_it.o(i.I2C2_ER_IRQHandler)
    I2C2_EV_IRQHandler                       0x08002831   Thumb Code     6  stm32f1xx_it.o(i.I2C2_EV_IRQHandler)
    INA226_getBusV                           0x0800354d   Thumb Code    34  ina226.o(i.INA226_getBusV)
    INA226_getBusVReg                        0x08003579   Thumb Code    54  ina226.o(i.INA226_getBusVReg)
    INA226_getCurrentReg                     0x080035b5   Thumb Code    56  ina226.o(i.INA226_getCurrentReg)
    INA226_getCurrent_Charge                 0x080035f1   Thumb Code    20  ina226.o(i.INA226_getCurrent_Charge)
    INA226_getCurrent_Discharge              0x08003609   Thumb Code    20  ina226.o(i.INA226_getCurrent_Discharge)
    INA226_getPowerReg                       0x08003621   Thumb Code    54  ina226.o(i.INA226_getPowerReg)
    INA226_getPower_Charge                   0x0800365d   Thumb Code    28  ina226.o(i.INA226_getPower_Charge)
    INA226_getPower_Discharge                0x0800367d   Thumb Code    28  ina226.o(i.INA226_getPower_Discharge)
    INA226_setAlertLimit                     0x0800369d   Thumb Code    32  ina226.o(i.INA226_setAlertLimit)
    INA226_setCalibrationReg                 0x080036bd   Thumb Code    32  ina226.o(i.INA226_setCalibrationReg)
    INA226_setConfig                         0x080036dd   Thumb Code    32  ina226.o(i.INA226_setConfig)
    INA226_setMaskEnable                     0x080036fd   Thumb Code    32  ina226.o(i.INA226_setMaskEnable)
    LightTurnOff                             0x0800371d   Thumb Code    28  commandproces.o(i.LightTurnOff)
    LightTurnOn                              0x0800374d   Thumb Code    28  commandproces.o(i.LightTurnOn)
    MX_ADC1_Init                             0x0800377d   Thumb Code    70  adc.o(i.MX_ADC1_Init)
    MX_GPIO_Init                             0x080037cd   Thumb Code   230  gpio.o(i.MX_GPIO_Init)
    MX_I2C2_Init                             0x080038c9   Thumb Code    50  i2c.o(i.MX_I2C2_Init)
    MX_TIM2_Init                             0x08003909   Thumb Code    96  tim.o(i.MX_TIM2_Init)
    MX_USART1_UART_Init                      0x0800396d   Thumb Code    48  usart.o(i.MX_USART1_UART_Init)
    MX_USART2_UART_Init                      0x080039a5   Thumb Code    48  usart.o(i.MX_USART2_UART_Init)
    MainProce                                0x080039dd   Thumb Code    80  commandproces.o(i.MainProce)
    MemManage_Handler                        0x08003a31   Thumb Code     2  stm32f1xx_it.o(i.MemManage_Handler)
    NMI_Handler                              0x08003a33   Thumb Code     2  stm32f1xx_it.o(i.NMI_Handler)
    NormalMode                               0x08003a35   Thumb Code    12  commandproces.o(i.NormalMode)
    PendSV_Handler                           0x08003a4d   Thumb Code     2  stm32f1xx_it.o(i.PendSV_Handler)
    PreProces                                0x08003a51   Thumb Code    98  commandproces.o(i.PreProces)
    SVC_Handler                              0x08003ab9   Thumb Code     2  stm32f1xx_it.o(i.SVC_Handler)
    SavePowerMode                            0x08003abd   Thumb Code    12  commandproces.o(i.SavePowerMode)
    SolarToWave                              0x08003ad5   Thumb Code    28  commandproces.o(i.SolarToWave)
    Status                                   0x08003b05   Thumb Code    66  commandproces.o(i.Status)
    SysTick_Handler                          0x08003b6d   Thumb Code     4  stm32f1xx_it.o(i.SysTick_Handler)
    SystemClock_Config                       0x08003b71   Thumb Code    82  main.o(i.SystemClock_Config)
    SystemInit                               0x08003bc3   Thumb Code     2  system_stm32f1xx.o(i.SystemInit)
    TIM2_IRQHandler                          0x08003bc5   Thumb Code     6  stm32f1xx_it.o(i.TIM2_IRQHandler)
    TIM_Base_SetConfig                       0x08003bd1   Thumb Code    94  stm32f1xx_hal_tim.o(i.TIM_Base_SetConfig)
    TIM_ETR_SetConfig                        0x08003c3d   Thumb Code    20  stm32f1xx_hal_tim.o(i.TIM_ETR_SetConfig)
    TurnOffShowLevel                         0x08003ca9   Thumb Code    80  displaylevel.o(i.TurnOffShowLevel)
    TurnOnShowLevel                          0x08003cfd   Thumb Code   422  displaylevel.o(i.TurnOnShowLevel)
    USART1_IRQHandler                        0x080040ad   Thumb Code     6  stm32f1xx_it.o(i.USART1_IRQHandler)
    USART2_IRQHandler                        0x080040b9   Thumb Code     6  stm32f1xx_it.o(i.USART2_IRQHandler)
    UsageFault_Handler                       0x080040c5   Thumb Code     2  stm32f1xx_it.o(i.UsageFault_Handler)
    WaveToSolar                              0x080040c9   Thumb Code    28  commandproces.o(i.WaveToSolar)
    __0printf                                0x080040f9   Thumb Code    22  printfa.o(i.__0printf)
    __1printf                                0x080040f9   Thumb Code     0  printfa.o(i.__0printf)
    __2printf                                0x080040f9   Thumb Code     0  printfa.o(i.__0printf)
    __c89printf                              0x080040f9   Thumb Code     0  printfa.o(i.__0printf)
    printf                                   0x080040f9   Thumb Code     0  printfa.o(i.__0printf)
    __scatterload_copy                       0x08004139   Thumb Code    14  handlers.o(i.__scatterload_copy)
    __scatterload_null                       0x08004147   Thumb Code     2  handlers.o(i.__scatterload_null)
    __scatterload_zeroinit                   0x08004149   Thumb Code    14  handlers.o(i.__scatterload_zeroinit)
    fputc                                    0x08004a0d   Thumb Code    18  main.o(i.fputc)
    main                                     0x08004a25   Thumb Code   252  main.o(i.main)
    AHBPrescTable                            0x08004b40   Data          16  system_stm32f1xx.o(.constdata)
    APBPrescTable                            0x08004b50   Data           8  system_stm32f1xx.o(.constdata)
    Region$$Table$$Base                      0x08004b58   Number         0  anon$$obj.o(Region$$Table)
    Region$$Table$$Limit                     0x08004b78   Number         0  anon$$obj.o(Region$$Table)
    Vadap                                    0x20000000   Data           4  displaylevel.o(.data)
    LightStatus                              0x20000004   Data           1  commandproces.o(.data)
    CurrentSource                            0x20000005   Data           1  commandproces.o(.data)
    Vdischarge                               0x20000008   Data           4  commandproces.o(.data)
    Idischarge                               0x2000000c   Data           4  commandproces.o(.data)
    Pdischarge                               0x20000010   Data           4  commandproces.o(.data)
    Icharge                                  0x20000014   Data           4  commandproces.o(.data)
    Pcharge                                  0x20000018   Data           4  commandproces.o(.data)
    FlagLoad                                 0x2000001c   Data           1  main.o(.data)
    Rx_indx                                  0x2000001d   Data           1  main.o(.data)
    Transfer_cplt                            0x2000001e   Data           1  main.o(.data)
    Rx_data                                  0x2000001f   Data           2  main.o(.data)
    uwTickFreq                               0x20000024   Data           1  stm32f1xx_hal.o(.data)
    uwTickPrio                               0x20000028   Data           4  stm32f1xx_hal.o(.data)
    uwTick                                   0x2000002c   Data           4  stm32f1xx_hal.o(.data)
    SystemCoreClock                          0x20000030   Data           4  system_stm32f1xx.o(.data)
    __stdout                                 0x20000034   Data           4  stdout.o(.data)
    buffer                                   0x20000038   Data         100  commandproces.o(.bss)
    Rx_Buffer                                0x2000009c   Data         100  commandproces.o(.bss)
    hadc1                                    0x20000100   Data          48  adc.o(.bss)
    hi2c2                                    0x20000130   Data          84  i2c.o(.bss)
    htim2                                    0x20000184   Data          72  tim.o(.bss)
    huart1                                   0x200001cc   Data          64  usart.o(.bss)
    huart2                                   0x2000020c   Data          64  usart.o(.bss)
    __initial_sp                             0x20000650   Data           0  startup_stm32f103xb.o(STACK)



==============================================================================

Memory Map of the image

  Image Entry point : 0x080000ed

  Load Region LR_IROM1 (Base: 0x08000000, Size: 0x00004bb0, Max: 0x00010000, ABSOLUTE)

    Execution Region ER_IROM1 (Exec base: 0x08000000, Load base: 0x08000000, Size: 0x00004b78, Max: 0x00010000, ABSOLUTE)

    Exec Addr    Load Addr    Size         Type   Attr      Idx    E Section Name        Object

    0x08000000   0x08000000   0x000000ec   Data   RO            3    RESET               startup_stm32f103xb.o
    0x080000ec   0x080000ec   0x00000000   Code   RO         3909  * .ARM.Collect$$$$00000000  mc_w.l(entry.o)
    0x080000ec   0x080000ec   0x00000004   Code   RO         4199    .ARM.Collect$$$$00000001  mc_w.l(entry2.o)
    0x080000f0   0x080000f0   0x00000004   Code   RO         4202    .ARM.Collect$$$$00000004  mc_w.l(entry5.o)
    0x080000f4   0x080000f4   0x00000000   Code   RO         4204    .ARM.Collect$$$$00000008  mc_w.l(entry7b.o)
    0x080000f4   0x080000f4   0x00000000   Code   RO         4206    .ARM.Collect$$$$0000000A  mc_w.l(entry8b.o)
    0x080000f4   0x080000f4   0x00000008   Code   RO         4207    .ARM.Collect$$$$0000000B  mc_w.l(entry9a.o)
    0x080000fc   0x080000fc   0x00000000   Code   RO         4209    .ARM.Collect$$$$0000000D  mc_w.l(entry10a.o)
    0x080000fc   0x080000fc   0x00000000   Code   RO         4211    .ARM.Collect$$$$0000000F  mc_w.l(entry11a.o)
    0x080000fc   0x080000fc   0x00000004   Code   RO         4200    .ARM.Collect$$$$00002712  mc_w.l(entry2.o)
    0x08000100   0x08000100   0x00000024   Code   RO            4    .text               startup_stm32f103xb.o
    0x08000124   0x08000124   0x00000020   Code   RO         3912    .text               mc_w.l(llushr.o)
    0x08000144   0x08000144   0x00000024   Code   RO         3914    .text               mc_w.l(memseta.o)
    0x08000168   0x08000168   0x0000000e   Code   RO         3916    .text               mc_w.l(strlen.o)
    0x08000176   0x08000176   0x00000064   Code   RO         4179    .text               mf_w.l(fmul.o)
    0x080001da   0x080001da   0x000000e4   Code   RO         4181    .text               mf_w.l(dmul.o)
    0x080002be   0x080002be   0x000000de   Code   RO         4183    .text               mf_w.l(ddiv.o)
    0x0800039c   0x0800039c   0x0000002e   Code   RO         4185    .text               mf_w.l(dscalb.o)
    0x080003ca   0x080003ca   0x00000012   Code   RO         4187    .text               mf_w.l(fflti.o)
    0x080003dc   0x080003dc   0x0000000a   Code   RO         4189    .text               mf_w.l(ffltui.o)
    0x080003e6   0x080003e6   0x0000001a   Code   RO         4193    .text               mf_w.l(dfltui.o)
    0x08000400   0x08000400   0x00000026   Code   RO         4195    .text               mf_w.l(f2d.o)
    0x08000426   0x08000426   0x00000038   Code   RO         4197    .text               mf_w.l(d2f.o)
    0x0800045e   0x0800045e   0x0000002c   Code   RO         4214    .text               mc_w.l(uidiv.o)
    0x0800048a   0x0800048a   0x00000062   Code   RO         4216    .text               mc_w.l(uldiv.o)
    0x080004ec   0x080004ec   0x00000000   Code   RO         4218    .text               mc_w.l(iusefp.o)
    0x080004ec   0x080004ec   0x0000006e   Code   RO         4219    .text               mf_w.l(fepilogue.o)
    0x0800055a   0x0800055a   0x000000ba   Code   RO         4221    .text               mf_w.l(depilogue.o)
    0x08000614   0x08000614   0x0000014e   Code   RO         4223    .text               mf_w.l(dadd.o)
    0x08000762   0x08000762   0x00000030   Code   RO         4225    .text               mf_w.l(dfixul.o)
    0x08000792   0x08000792   0x00000002   PAD
    0x08000794   0x08000794   0x00000030   Code   RO         4227    .text               mf_w.l(cdrcmple.o)
    0x080007c4   0x080007c4   0x00000024   Code   RO         4229    .text               mc_w.l(init.o)
    0x080007e8   0x080007e8   0x0000001e   Code   RO         4231    .text               mc_w.l(llshl.o)
    0x08000806   0x08000806   0x00000024   Code   RO         4233    .text               mc_w.l(llsshr.o)
    0x0800082a   0x0800082a   0x00000002   PAD
    0x0800082c   0x0800082c   0x0000004c   Code   RO          902    i.ADC_ConversionStop_Disable  stm32f1xx_hal_adc.o
    0x08000878   0x08000878   0x00000070   Code   RO          906    i.ADC_Enable        stm32f1xx_hal_adc.o
    0x080008e8   0x080008e8   0x00000002   Code   RO          730    i.BusFault_Handler  stm32f1xx_it.o
    0x080008ea   0x080008ea   0x00000002   PAD
    0x080008ec   0x080008ec   0x00000064   Code   RO          359    i.Charger           commandproces.o
    0x08000950   0x08000950   0x00000002   Code   RO          731    i.DebugMon_Handler  stm32f1xx_it.o
    0x08000952   0x08000952   0x00000002   PAD
    0x08000954   0x08000954   0x00000084   Code   RO          360    i.Discharger        commandproces.o
    0x080009d8   0x080009d8   0x00000016   Code   RO          732    i.EXTI15_10_IRQHandler  stm32f1xx_it.o
    0x080009ee   0x080009ee   0x00000002   Code   RO          459    i.Error_Handler     main.o
    0x080009f0   0x080009f0   0x000000fc   Code   RO          908    i.HAL_ADC_ConfigChannel  stm32f1xx_hal_adc.o
    0x08000aec   0x08000aec   0x00000006   Code   RO          915    i.HAL_ADC_GetValue  stm32f1xx_hal_adc.o
    0x08000af2   0x08000af2   0x00000002   PAD
    0x08000af4   0x08000af4   0x0000011c   Code   RO          917    i.HAL_ADC_Init      stm32f1xx_hal_adc.o
    0x08000c10   0x08000c10   0x00000058   Code   RO          557    i.HAL_ADC_MspInit   adc.o
    0x08000c68   0x08000c68   0x000000c0   Code   RO          923    i.HAL_ADC_Start     stm32f1xx_hal_adc.o
    0x08000d28   0x08000d28   0x00000098   Code   RO         1558    i.HAL_DMA_Abort_IT  stm32f1xx_hal_dma.o
    0x08000dc0   0x08000dc0   0x00000006   Code   RO         1561    i.HAL_DMA_GetState  stm32f1xx_hal_dma.o
    0x08000dc6   0x08000dc6   0x00000002   PAD
    0x08000dc8   0x08000dc8   0x00000030   Code   RO          460    i.HAL_GPIO_EXTI_Callback  main.o
    0x08000df8   0x08000df8   0x00000018   Code   RO         1492    i.HAL_GPIO_EXTI_IRQHandler  stm32f1xx_hal_gpio.o
    0x08000e10   0x08000e10   0x000001e0   Code   RO         1493    i.HAL_GPIO_Init     stm32f1xx_hal_gpio.o
    0x08000ff0   0x08000ff0   0x0000000a   Code   RO         1495    i.HAL_GPIO_ReadPin  stm32f1xx_hal_gpio.o
    0x08000ffa   0x08000ffa   0x00000010   Code   RO         1496    i.HAL_GPIO_TogglePin  stm32f1xx_hal_gpio.o
    0x0800100a   0x0800100a   0x0000000a   Code   RO         1497    i.HAL_GPIO_WritePin  stm32f1xx_hal_gpio.o
    0x08001014   0x08001014   0x0000000c   Code   RO         1189    i.HAL_GetTick       stm32f1xx_hal.o
    0x08001020   0x08001020   0x00000002   Code   RO         2153    i.HAL_I2C_AbortCpltCallback  stm32f1xx_hal_i2c.o
    0x08001022   0x08001022   0x00000002   Code   RO         2154    i.HAL_I2C_AddrCallback  stm32f1xx_hal_i2c.o
    0x08001024   0x08001024   0x000000c4   Code   RO         2157    i.HAL_I2C_ER_IRQHandler  stm32f1xx_hal_i2c.o
    0x080010e8   0x080010e8   0x00000266   Code   RO         2158    i.HAL_I2C_EV_IRQHandler  stm32f1xx_hal_i2c.o
    0x0800134e   0x0800134e   0x00000002   Code   RO         2160    i.HAL_I2C_ErrorCallback  stm32f1xx_hal_i2c.o
    0x08001350   0x08001350   0x00000188   Code   RO         2164    i.HAL_I2C_Init      stm32f1xx_hal_i2c.o
    0x080014d8   0x080014d8   0x00000002   Code   RO         2166    i.HAL_I2C_ListenCpltCallback  stm32f1xx_hal_i2c.o
    0x080014da   0x080014da   0x00000002   Code   RO         2167    i.HAL_I2C_MasterRxCpltCallback  stm32f1xx_hal_i2c.o
    0x080014dc   0x080014dc   0x00000002   Code   RO         2168    i.HAL_I2C_MasterTxCpltCallback  stm32f1xx_hal_i2c.o
    0x080014de   0x080014de   0x00000002   PAD
    0x080014e0   0x080014e0   0x00000244   Code   RO         2170    i.HAL_I2C_Master_Receive  stm32f1xx_hal_i2c.o
    0x08001724   0x08001724   0x0000012c   Code   RO         2177    i.HAL_I2C_Master_Transmit  stm32f1xx_hal_i2c.o
    0x08001850   0x08001850   0x00000002   Code   RO         2180    i.HAL_I2C_MemRxCpltCallback  stm32f1xx_hal_i2c.o
    0x08001852   0x08001852   0x00000002   Code   RO         2181    i.HAL_I2C_MemTxCpltCallback  stm32f1xx_hal_i2c.o
    0x08001854   0x08001854   0x00000080   Code   RO          599    i.HAL_I2C_MspInit   i2c.o
    0x080018d4   0x080018d4   0x00000002   Code   RO         2190    i.HAL_I2C_SlaveRxCpltCallback  stm32f1xx_hal_i2c.o
    0x080018d6   0x080018d6   0x00000002   Code   RO         2191    i.HAL_I2C_SlaveTxCpltCallback  stm32f1xx_hal_i2c.o
    0x080018d8   0x080018d8   0x00000010   Code   RO         1195    i.HAL_IncTick       stm32f1xx_hal.o
    0x080018e8   0x080018e8   0x00000024   Code   RO         1196    i.HAL_Init          stm32f1xx_hal.o
    0x0800190c   0x0800190c   0x00000040   Code   RO         1197    i.HAL_InitTick      stm32f1xx_hal.o
    0x0800194c   0x0800194c   0x0000003c   Code   RO          842    i.HAL_MspInit       stm32f1xx_hal_msp.o
    0x08001988   0x08001988   0x0000001a   Code   RO         1653    i.HAL_NVIC_EnableIRQ  stm32f1xx_hal_cortex.o
    0x080019a2   0x080019a2   0x00000002   PAD
    0x080019a4   0x080019a4   0x00000040   Code   RO         1659    i.HAL_NVIC_SetPriority  stm32f1xx_hal_cortex.o
    0x080019e4   0x080019e4   0x00000024   Code   RO         1660    i.HAL_NVIC_SetPriorityGrouping  stm32f1xx_hal_cortex.o
    0x08001a08   0x08001a08   0x000000ec   Code   RO         1456    i.HAL_RCCEx_PeriphCLKConfig  stm32f1xx_hal_rcc_ex.o
    0x08001af4   0x08001af4   0x0000012c   Code   RO         1353    i.HAL_RCC_ClockConfig  stm32f1xx_hal_rcc.o
    0x08001c20   0x08001c20   0x00000020   Code   RO         1360    i.HAL_RCC_GetPCLK1Freq  stm32f1xx_hal_rcc.o
    0x08001c40   0x08001c40   0x00000020   Code   RO         1361    i.HAL_RCC_GetPCLK2Freq  stm32f1xx_hal_rcc.o
    0x08001c60   0x08001c60   0x0000006c   Code   RO         1362    i.HAL_RCC_GetSysClockFreq  stm32f1xx_hal_rcc.o
    0x08001ccc   0x08001ccc   0x00000320   Code   RO         1365    i.HAL_RCC_OscConfig  stm32f1xx_hal_rcc.o
    0x08001fec   0x08001fec   0x00000028   Code   RO         1664    i.HAL_SYSTICK_Config  stm32f1xx_hal_cortex.o
    0x08002014   0x08002014   0x00000002   Code   RO         3286    i.HAL_TIMEx_BreakCallback  stm32f1xx_hal_tim_ex.o
    0x08002016   0x08002016   0x00000002   Code   RO         3287    i.HAL_TIMEx_CommutCallback  stm32f1xx_hal_tim_ex.o
    0x08002018   0x08002018   0x00000068   Code   RO         3305    i.HAL_TIMEx_MasterConfigSynchronization  stm32f1xx_hal_tim_ex.o
    0x08002080   0x08002080   0x0000005a   Code   RO         2582    i.HAL_TIM_Base_Init  stm32f1xx_hal_tim.o
    0x080020da   0x080020da   0x00000002   PAD
    0x080020dc   0x080020dc   0x00000038   Code   RO          641    i.HAL_TIM_Base_MspInit  tim.o
    0x08002114   0x08002114   0x00000058   Code   RO         2587    i.HAL_TIM_Base_Start_IT  stm32f1xx_hal_tim.o
    0x0800216c   0x0800216c   0x000000d6   Code   RO         2591    i.HAL_TIM_ConfigClockSource  stm32f1xx_hal_tim.o
    0x08002242   0x08002242   0x00000002   Code   RO         2616    i.HAL_TIM_IC_CaptureCallback  stm32f1xx_hal_tim.o
    0x08002244   0x08002244   0x00000166   Code   RO         2630    i.HAL_TIM_IRQHandler  stm32f1xx_hal_tim.o
    0x080023aa   0x080023aa   0x00000002   Code   RO         2633    i.HAL_TIM_OC_DelayElapsedCallback  stm32f1xx_hal_tim.o
    0x080023ac   0x080023ac   0x00000002   Code   RO         2660    i.HAL_TIM_PWM_PulseFinishedCallback  stm32f1xx_hal_tim.o
    0x080023ae   0x080023ae   0x00000002   PAD
    0x080023b0   0x080023b0   0x00000070   Code   RO          461    i.HAL_TIM_PeriodElapsedCallback  main.o
    0x08002420   0x08002420   0x00000002   Code   RO         2673    i.HAL_TIM_TriggerCallback  stm32f1xx_hal_tim.o
    0x08002422   0x08002422   0x00000002   Code   RO         3574    i.HAL_UART_ErrorCallback  stm32f1xx_hal_uart.o
    0x08002424   0x08002424   0x0000015c   Code   RO         3577    i.HAL_UART_IRQHandler  stm32f1xx_hal_uart.o
    0x08002580   0x08002580   0x00000062   Code   RO         3578    i.HAL_UART_Init     stm32f1xx_hal_uart.o
    0x080025e2   0x080025e2   0x00000002   PAD
    0x080025e4   0x080025e4   0x000000d8   Code   RO          683    i.HAL_UART_MspInit  usart.o
    0x080026bc   0x080026bc   0x00000052   Code   RO         3583    i.HAL_UART_Receive_IT  stm32f1xx_hal_uart.o
    0x0800270e   0x0800270e   0x00000002   PAD
    0x08002710   0x08002710   0x0000005c   Code   RO          462    i.HAL_UART_RxCpltCallback  main.o
    0x0800276c   0x0800276c   0x000000b2   Code   RO         3586    i.HAL_UART_Transmit  stm32f1xx_hal_uart.o
    0x0800281e   0x0800281e   0x00000002   Code   RO         3589    i.HAL_UART_TxCpltCallback  stm32f1xx_hal_uart.o
    0x08002820   0x08002820   0x00000002   Code   RO          733    i.HardFault_Handler  stm32f1xx_it.o
    0x08002822   0x08002822   0x00000002   PAD
    0x08002824   0x08002824   0x0000000c   Code   RO          734    i.I2C2_ER_IRQHandler  stm32f1xx_it.o
    0x08002830   0x08002830   0x0000000c   Code   RO          735    i.I2C2_EV_IRQHandler  stm32f1xx_it.o
    0x0800283c   0x0800283c   0x000000bc   Code   RO         2202    i.I2C_DMAAbort      stm32f1xx_hal_i2c.o
    0x080028f8   0x080028f8   0x00000158   Code   RO         2205    i.I2C_ITError       stm32f1xx_hal_i2c.o
    0x08002a50   0x08002a50   0x0000002e   Code   RO         2206    i.I2C_IsAcknowledgeFailed  stm32f1xx_hal_i2c.o
    0x08002a7e   0x08002a7e   0x000000d2   Code   RO         2207    i.I2C_MasterReceive_BTF  stm32f1xx_hal_i2c.o
    0x08002b50   0x08002b50   0x000000e8   Code   RO         2208    i.I2C_MasterReceive_RXNE  stm32f1xx_hal_i2c.o
    0x08002c38   0x08002c38   0x000000ec   Code   RO         2209    i.I2C_MasterRequestRead  stm32f1xx_hal_i2c.o
    0x08002d24   0x08002d24   0x0000009c   Code   RO         2210    i.I2C_MasterRequestWrite  stm32f1xx_hal_i2c.o
    0x08002dc0   0x08002dc0   0x00000074   Code   RO         2211    i.I2C_MasterTransmit_BTF  stm32f1xx_hal_i2c.o
    0x08002e34   0x08002e34   0x000000b6   Code   RO         2212    i.I2C_MasterTransmit_TXE  stm32f1xx_hal_i2c.o
    0x08002eea   0x08002eea   0x00000002   PAD
    0x08002eec   0x08002eec   0x00000158   Code   RO         2213    i.I2C_Master_ADDR   stm32f1xx_hal_i2c.o
    0x08003044   0x08003044   0x0000008c   Code   RO         2214    i.I2C_Master_SB     stm32f1xx_hal_i2c.o
    0x080030d0   0x080030d0   0x000000a0   Code   RO         2215    i.I2C_MemoryTransmit_TXE_BTF  stm32f1xx_hal_i2c.o
    0x08003170   0x08003170   0x00000084   Code   RO         2218    i.I2C_Slave_AF      stm32f1xx_hal_i2c.o
    0x080031f4   0x080031f4   0x0000015c   Code   RO         2219    i.I2C_Slave_STOPF   stm32f1xx_hal_i2c.o
    0x08003350   0x08003350   0x0000004c   Code   RO         2220    i.I2C_WaitOnBTFFlagUntilTimeout  stm32f1xx_hal_i2c.o
    0x0800339c   0x0800339c   0x00000068   Code   RO         2221    i.I2C_WaitOnFlagUntilTimeout  stm32f1xx_hal_i2c.o
    0x08003404   0x08003404   0x00000096   Code   RO         2222    i.I2C_WaitOnMasterAddressFlagUntilTimeout  stm32f1xx_hal_i2c.o
    0x0800349a   0x0800349a   0x00000066   Code   RO         2223    i.I2C_WaitOnRXNEFlagUntilTimeout  stm32f1xx_hal_i2c.o
    0x08003500   0x08003500   0x0000004c   Code   RO         2224    i.I2C_WaitOnTXEFlagUntilTimeout  stm32f1xx_hal_i2c.o
    0x0800354c   0x0800354c   0x0000002c   Code   RO          211    i.INA226_getBusV    ina226.o
    0x08003578   0x08003578   0x0000003c   Code   RO          212    i.INA226_getBusVReg  ina226.o
    0x080035b4   0x080035b4   0x0000003c   Code   RO          215    i.INA226_getCurrentReg  ina226.o
    0x080035f0   0x080035f0   0x00000018   Code   RO          216    i.INA226_getCurrent_Charge  ina226.o
    0x08003608   0x08003608   0x00000018   Code   RO          217    i.INA226_getCurrent_Discharge  ina226.o
    0x08003620   0x08003620   0x0000003c   Code   RO          221    i.INA226_getPowerReg  ina226.o
    0x0800365c   0x0800365c   0x00000020   Code   RO          222    i.INA226_getPower_Charge  ina226.o
    0x0800367c   0x0800367c   0x00000020   Code   RO          223    i.INA226_getPower_Discharge  ina226.o
    0x0800369c   0x0800369c   0x00000020   Code   RO          226    i.INA226_setAlertLimit  ina226.o
    0x080036bc   0x080036bc   0x00000020   Code   RO          227    i.INA226_setCalibrationReg  ina226.o
    0x080036dc   0x080036dc   0x00000020   Code   RO          228    i.INA226_setConfig  ina226.o
    0x080036fc   0x080036fc   0x00000020   Code   RO          229    i.INA226_setMaskEnable  ina226.o
    0x0800371c   0x0800371c   0x00000030   Code   RO          361    i.LightTurnOff      commandproces.o
    0x0800374c   0x0800374c   0x00000030   Code   RO          362    i.LightTurnOn       commandproces.o
    0x0800377c   0x0800377c   0x00000050   Code   RO          558    i.MX_ADC1_Init      adc.o
    0x080037cc   0x080037cc   0x000000fc   Code   RO          532    i.MX_GPIO_Init      gpio.o
    0x080038c8   0x080038c8   0x00000040   Code   RO          600    i.MX_I2C2_Init      i2c.o
    0x08003908   0x08003908   0x00000064   Code   RO          642    i.MX_TIM2_Init      tim.o
    0x0800396c   0x0800396c   0x00000038   Code   RO          684    i.MX_USART1_UART_Init  usart.o
    0x080039a4   0x080039a4   0x00000038   Code   RO          685    i.MX_USART2_UART_Init  usart.o
    0x080039dc   0x080039dc   0x00000054   Code   RO          363    i.MainProce         commandproces.o
    0x08003a30   0x08003a30   0x00000002   Code   RO          736    i.MemManage_Handler  stm32f1xx_it.o
    0x08003a32   0x08003a32   0x00000002   Code   RO          737    i.NMI_Handler       stm32f1xx_it.o
    0x08003a34   0x08003a34   0x00000018   Code   RO          364    i.NormalMode        commandproces.o
    0x08003a4c   0x08003a4c   0x00000002   Code   RO          738    i.PendSV_Handler    stm32f1xx_it.o
    0x08003a4e   0x08003a4e   0x00000002   PAD
    0x08003a50   0x08003a50   0x00000068   Code   RO          365    i.PreProces         commandproces.o
    0x08003ab8   0x08003ab8   0x00000002   Code   RO          739    i.SVC_Handler       stm32f1xx_it.o
    0x08003aba   0x08003aba   0x00000002   PAD
    0x08003abc   0x08003abc   0x00000018   Code   RO          366    i.SavePowerMode     commandproces.o
    0x08003ad4   0x08003ad4   0x00000030   Code   RO          367    i.SolarToWave       commandproces.o
    0x08003b04   0x08003b04   0x00000068   Code   RO          368    i.Status            commandproces.o
    0x08003b6c   0x08003b6c   0x00000004   Code   RO          740    i.SysTick_Handler   stm32f1xx_it.o
    0x08003b70   0x08003b70   0x00000052   Code   RO          463    i.SystemClock_Config  main.o
    0x08003bc2   0x08003bc2   0x00000002   Code   RO         3875    i.SystemInit        system_stm32f1xx.o
    0x08003bc4   0x08003bc4   0x0000000c   Code   RO          741    i.TIM2_IRQHandler   stm32f1xx_it.o
    0x08003bd0   0x08003bd0   0x0000006c   Code   RO         2675    i.TIM_Base_SetConfig  stm32f1xx_hal_tim.o
    0x08003c3c   0x08003c3c   0x00000014   Code   RO         2686    i.TIM_ETR_SetConfig  stm32f1xx_hal_tim.o
    0x08003c50   0x08003c50   0x00000010   Code   RO         2687    i.TIM_ITRx_SetConfig  stm32f1xx_hal_tim.o
    0x08003c60   0x08003c60   0x00000022   Code   RO         2693    i.TIM_TI1_ConfigInputStage  stm32f1xx_hal_tim.o
    0x08003c82   0x08003c82   0x00000024   Code   RO         2695    i.TIM_TI2_ConfigInputStage  stm32f1xx_hal_tim.o
    0x08003ca6   0x08003ca6   0x00000002   PAD
    0x08003ca8   0x08003ca8   0x00000054   Code   RO           13    i.TurnOffShowLevel  displaylevel.o
    0x08003cfc   0x08003cfc   0x000001dc   Code   RO           14    i.TurnOnShowLevel   displaylevel.o
    0x08003ed8   0x08003ed8   0x00000010   Code   RO         3591    i.UART_DMAAbortOnError  stm32f1xx_hal_uart.o
    0x08003ee8   0x08003ee8   0x0000001c   Code   RO         3601    i.UART_EndRxTransfer  stm32f1xx_hal_uart.o
    0x08003f04   0x08003f04   0x0000008c   Code   RO         3603    i.UART_Receive_IT   stm32f1xx_hal_uart.o
    0x08003f90   0x08003f90   0x000000b8   Code   RO         3604    i.UART_SetConfig    stm32f1xx_hal_uart.o
    0x08004048   0x08004048   0x00000064   Code   RO         3605    i.UART_WaitOnFlagUntilTimeout  stm32f1xx_hal_uart.o
    0x080040ac   0x080040ac   0x0000000c   Code   RO          742    i.USART1_IRQHandler  stm32f1xx_it.o
    0x080040b8   0x080040b8   0x0000000c   Code   RO          743    i.USART2_IRQHandler  stm32f1xx_it.o
    0x080040c4   0x080040c4   0x00000002   Code   RO          744    i.UsageFault_Handler  stm32f1xx_it.o
    0x080040c6   0x080040c6   0x00000002   PAD
    0x080040c8   0x080040c8   0x00000030   Code   RO          369    i.WaveToSolar       commandproces.o
    0x080040f8   0x080040f8   0x00000020   Code   RO         4151    i.__0printf         mc_w.l(printfa.o)
    0x08004118   0x08004118   0x00000020   Code   RO         1666    i.__NVIC_SetPriority  stm32f1xx_hal_cortex.o
    0x08004138   0x08004138   0x0000000e   Code   RO         4237    i.__scatterload_copy  mc_w.l(handlers.o)
    0x08004146   0x08004146   0x00000002   Code   RO         4238    i.__scatterload_null  mc_w.l(handlers.o)
    0x08004148   0x08004148   0x0000000e   Code   RO         4239    i.__scatterload_zeroinit  mc_w.l(handlers.o)
    0x08004156   0x08004156   0x00000002   PAD
    0x08004158   0x08004158   0x00000184   Code   RO         4158    i._fp_digits        mc_w.l(printfa.o)
    0x080042dc   0x080042dc   0x000006dc   Code   RO         4159    i._printf_core      mc_w.l(printfa.o)
    0x080049b8   0x080049b8   0x00000024   Code   RO         4160    i._printf_post_padding  mc_w.l(printfa.o)
    0x080049dc   0x080049dc   0x0000002e   Code   RO         4161    i._printf_pre_padding  mc_w.l(printfa.o)
    0x08004a0a   0x08004a0a   0x00000002   PAD
    0x08004a0c   0x08004a0c   0x00000018   Code   RO          464    i.fputc             main.o
    0x08004a24   0x08004a24   0x0000011c   Code   RO          465    i.main              main.o
    0x08004b40   0x08004b40   0x00000010   Data   RO         3876    .constdata          system_stm32f1xx.o
    0x08004b50   0x08004b50   0x00000008   Data   RO         3877    .constdata          system_stm32f1xx.o
    0x08004b58   0x08004b58   0x00000020   Data   RO         4235    Region$$Table       anon$$obj.o


    Execution Region RW_IRAM1 (Exec base: 0x20000000, Load base: 0x08004b78, Size: 0x00000650, Max: 0x00005000, ABSOLUTE)

    Exec Addr    Load Addr    Size         Type   Attr      Idx    E Section Name        Object

    0x20000000   0x08004b78   0x00000004   Data   RW           15    .data               displaylevel.o
    0x20000004   0x08004b7c   0x00000018   Data   RW          371    .data               commandproces.o
    0x2000001c   0x08004b94   0x00000005   Data   RW          471    .data               main.o
    0x20000021   0x08004b99   0x00000003   PAD
    0x20000024   0x08004b9c   0x0000000c   Data   RW         1203    .data               stm32f1xx_hal.o
    0x20000030   0x08004ba8   0x00000004   Data   RW         3878    .data               system_stm32f1xx.o
    0x20000034   0x08004bac   0x00000004   Data   RW         4213    .data               mc_w.l(stdout.o)
    0x20000038        -       0x000000c8   Zero   RW          370    .bss                commandproces.o
    0x20000100        -       0x00000030   Zero   RW          559    .bss                adc.o
    0x20000130        -       0x00000054   Zero   RW          601    .bss                i2c.o
    0x20000184        -       0x00000048   Zero   RW          643    .bss                tim.o
    0x200001cc        -       0x00000080   Zero   RW          686    .bss                usart.o
    0x2000024c   0x08004bb0   0x00000004   PAD
    0x20000250        -       0x00000400   Zero   RW            1    STACK               startup_stm32f103xb.o


==============================================================================

Image component sizes


      Code (inc. data)   RO Data    RW Data    ZI Data      Debug   Object Name

       168         22          0          0         48       1621   adc.o
       764        228          0         24        200       7734   commandproces.o
       560         58          0          4          0     448261   displaylevel.o
       252         22          0          0          0        963   gpio.o
       192         28          0          0         84       1629   i2c.o
       464         42          0          0          0       7607   ina226.o
       644         72          0          5          0       5263   main.o
        36          8        236          0       1024        808   startup_stm32f103xb.o
       128         24          0         12          0       5333   stm32f1xx_hal.o
       922         40          0          0          0       5448   stm32f1xx_hal_adc.o
       198         14          0          0          0      28983   stm32f1xx_hal_cortex.o
       158          4          0          0          0       1678   stm32f1xx_hal_dma.o
       540         40          0          0          0       4759   stm32f1xx_hal_gpio.o
      5444         92          0          0          0      30876   stm32f1xx_hal_i2c.o
        60          8          0          0          0        858   stm32f1xx_hal_msp.o
      1272        100          0          0          0       5236   stm32f1xx_hal_rcc.o
       236         12          0          0          0       1396   stm32f1xx_hal_rcc_ex.o
       972         26          0          0          0       9753   stm32f1xx_hal_tim.o
       108         12          0          0          0       2401   stm32f1xx_hal_tim_ex.o
      1178         10          0          0          0       9031   stm32f1xx_hal_uart.o
       102         30          0          0          0       6497   stm32f1xx_it.o
         2          0         24          4          0       1111   system_stm32f1xx.o
       156         10          0          0         72       1646   tim.o
       328         34          0          0        128       2343   usart.o

    ----------------------------------------------------------------------
     14916        936        292         52       1560     591235   Object Totals
         0          0         32          0          0          0   (incl. Generated)
        32          0          0          3          4          0   (incl. Padding)

    ----------------------------------------------------------------------

      Code (inc. data)   RO Data    RW Data    ZI Data      Debug   Library Member Name

         0          0          0          0          0          0   entry.o
         0          0          0          0          0          0   entry10a.o
         0          0          0          0          0          0   entry11a.o
         8          4          0          0          0          0   entry2.o
         4          0          0          0          0          0   entry5.o
         0          0          0          0          0          0   entry7b.o
         0          0          0          0          0          0   entry8b.o
         8          4          0          0          0          0   entry9a.o
        30          0          0          0          0          0   handlers.o
        36          8          0          0          0         68   init.o
         0          0          0          0          0          0   iusefp.o
        30          0          0          0          0         68   llshl.o
        36          0          0          0          0         68   llsshr.o
        32          0          0          0          0         68   llushr.o
        36          0          0          0          0        108   memseta.o
      2258         90          0          0          0        452   printfa.o
         0          0          0          4          0          0   stdout.o
        14          0          0          0          0         68   strlen.o
        44          0          0          0          0         80   uidiv.o
        98          0          0          0          0         92   uldiv.o
        48          0          0          0          0         68   cdrcmple.o
        56          0          0          0          0         88   d2f.o
       334          0          0          0          0        148   dadd.o
       222          0          0          0          0        100   ddiv.o
       186          0          0          0          0        176   depilogue.o
        48          0          0          0          0         68   dfixul.o
        26          0          0          0          0         76   dfltui.o
       228          0          0          0          0         96   dmul.o
        46          0          0          0          0         80   dscalb.o
        38          0          0          0          0         68   f2d.o
       110          0          0          0          0        168   fepilogue.o
        18          0          0          0          0         68   fflti.o
        10          0          0          0          0         68   ffltui.o
       100          0          0          0          0         76   fmul.o

    ----------------------------------------------------------------------
      4112        106          0          4          0       2420   Library Totals
         8          0          0          0          0          0   (incl. Padding)

    ----------------------------------------------------------------------

      Code (inc. data)   RO Data    RW Data    ZI Data      Debug   Library Name

      2634        106          0          4          0       1072   mc_w.l
      1470          0          0          0          0       1348   mf_w.l

    ----------------------------------------------------------------------
      4112        106          0          4          0       2420   Library Totals

    ----------------------------------------------------------------------

==============================================================================


      Code (inc. data)   RO Data    RW Data    ZI Data      Debug   

     19028       1042        292         56       1560     585019   Grand Totals
     19028       1042        292         56       1560     585019   ELF Image Totals
     19028       1042        292         56          0          0   ROM Totals

==============================================================================

    Total RO  Size (Code + RO Data)                19320 (  18.87kB)
    Total RW  Size (RW Data + ZI Data)              1616 (   1.58kB)
    Total ROM Size (Code + RO Data + RW Data)      19376 (  18.92kB)

==============================================================================

